
===========================================================================
 report_power
============================================================================
======================= Fastest Corner ===================================

Group                  Internal  Switching    Leakage      Total
                          Power      Power      Power      Power (Watts)
----------------------------------------------------------------
Sequential             1.51e-04   0.00e+00   2.93e-08   1.51e-04  41.0%
Combinational          2.63e-06   1.24e-05   8.30e-10   1.51e-05   4.1%
Clock                  1.33e-04   6.85e-05   1.06e-09   2.02e-04  54.9%
Macro                  0.00e+00   0.00e+00   0.00e+00   0.00e+00   0.0%
Pad                    0.00e+00   0.00e+00   0.00e+00   0.00e+00   0.0%
----------------------------------------------------------------
Total                  2.87e-04   8.09e-05   3.12e-08   3.68e-04 100.0%
                          78.0%      22.0%       0.0%

======================= Slowest Corner ===================================

Group                  Internal  Switching    Leakage      Total
                          Power      Power      Power      Power (Watts)
----------------------------------------------------------------
Sequential             9.95e-05   0.00e+00   6.05e-07   1.00e-04  39.9%
Combinational          1.77e-06   8.23e-06   7.34e-07   1.07e-05   4.3%
Clock                  9.55e-05   4.44e-05   1.26e-07   1.40e-04  55.8%
Macro                  0.00e+00   0.00e+00   0.00e+00   0.00e+00   0.0%
Pad                    0.00e+00   0.00e+00   0.00e+00   0.00e+00   0.0%
----------------------------------------------------------------
Total                  1.97e-04   5.27e-05   1.46e-06   2.51e-04 100.0%
                          78.4%      21.0%       0.6%

======================= Typical Corner ===================================

Group                  Internal  Switching    Leakage      Total
                          Power      Power      Power      Power (Watts)
----------------------------------------------------------------
Sequential             1.30e-04   0.00e+00   2.90e-08   1.30e-04  41.0%
Combinational          2.17e-06   1.06e-05   6.30e-10   1.28e-05   4.0%
Clock                  1.17e-04   5.73e-05   7.17e-10   1.74e-04  55.0%
Macro                  0.00e+00   0.00e+00   0.00e+00   0.00e+00   0.0%
Pad                    0.00e+00   0.00e+00   0.00e+00   0.00e+00   0.0%
----------------------------------------------------------------
Total                  2.48e-04   6.79e-05   3.03e-08   3.16e-04 100.0%
                          78.5%      21.5%       0.0%

