
===========================================================================
report_checks -unconstrained
===========================================================================
======================= Typical Corner ===================================

Startpoint: A[3] (input port clocked by __VIRTUAL_CLK__)
Endpoint: OUT[7] (output port clocked by __VIRTUAL_CLK__)
Path Group: __VIRTUAL_CLK__
Path Type: max

Fanout     Cap    Slew   Delay    Time   Description
-----------------------------------------------------------------------------
                  0.00    0.00    0.00   clock __VIRTUAL_CLK__ (rise edge)
                          0.00    0.00   clock network delay (ideal)
                          2.00    2.00 v input external delay
     1    0.00    0.01    0.00    2.00 v A[3] (in)
                                         A[3] (net)
                  0.01    0.00    2.00 v input4/A (sky130_fd_sc_hd__buf_4)
     7    0.04    0.07    0.16    2.17 v input4/X (sky130_fd_sc_hd__buf_4)
                                         net4 (net)
                  0.07    0.00    2.17 v _310_/A (sky130_fd_sc_hd__buf_4)
    10    0.06    0.08    0.21    2.38 v _310_/X (sky130_fd_sc_hd__buf_4)
                                         _238_ (net)
                  0.08    0.00    2.38 v _466_/A1 (sky130_fd_sc_hd__a22o_2)
     2    0.01    0.07    0.29    2.68 v _466_/X (sky130_fd_sc_hd__a22o_2)
                                         _142_ (net)
                  0.07    0.00    2.68 v _470_/A1 (sky130_fd_sc_hd__a211o_4)
     2    0.01    0.05    0.34    3.02 v _470_/X (sky130_fd_sc_hd__a211o_4)
                                         _146_ (net)
                  0.05    0.00    3.02 v _472_/B1 (sky130_fd_sc_hd__a22o_1)
     2    0.01    0.06    0.21    3.23 v _472_/X (sky130_fd_sc_hd__a22o_1)
                                         _148_ (net)
                  0.06    0.00    3.23 v _477_/A1 (sky130_fd_sc_hd__a21o_1)
     2    0.01    0.07    0.21    3.43 v _477_/X (sky130_fd_sc_hd__a21o_1)
                                         _153_ (net)
                  0.07    0.00    3.43 v _486_/A2 (sky130_fd_sc_hd__a21o_1)
     2    0.01    0.06    0.22    3.66 v _486_/X (sky130_fd_sc_hd__a21o_1)
                                         _162_ (net)
                  0.06    0.00    3.66 v _489_/A2 (sky130_fd_sc_hd__a21o_1)
     2    0.01    0.06    0.22    3.88 v _489_/X (sky130_fd_sc_hd__a21o_1)
                                         _165_ (net)
                  0.06    0.00    3.88 v _493_/B (sky130_fd_sc_hd__and3_1)
     2    0.01    0.07    0.21    4.09 v _493_/X (sky130_fd_sc_hd__and3_1)
                                         _169_ (net)
                  0.07    0.00    4.09 v _494_/A (sky130_fd_sc_hd__or3_4)
     2    0.01    0.07    0.41    4.51 v _494_/X (sky130_fd_sc_hd__or3_4)
                                         _170_ (net)
                  0.07    0.00    4.51 v _496_/B (sky130_fd_sc_hd__and3_4)
     1    0.00    0.03    0.18    4.69 v _496_/X (sky130_fd_sc_hd__and3_4)
                                         _172_ (net)
                  0.03    0.00    4.69 v _498_/A2 (sky130_fd_sc_hd__o21a_1)
     1    0.01    0.07    0.20    4.89 v _498_/X (sky130_fd_sc_hd__o21a_1)
                                         _174_ (net)
                  0.07    0.00    4.89 v _503_/A3 (sky130_fd_sc_hd__o32a_4)
     1    0.01    0.06    0.33    5.22 v _503_/X (sky130_fd_sc_hd__o32a_4)
                                         net27 (net)
                  0.06    0.00    5.22 v output27/A (sky130_fd_sc_hd__buf_8)
     1    0.04    0.04    0.15    5.37 v output27/X (sky130_fd_sc_hd__buf_8)
                                         OUT[7] (net)
                  0.04    0.00    5.37 v OUT[7] (out)
                                  5.37   data arrival time

                  0.00   10.00   10.00   clock __VIRTUAL_CLK__ (rise edge)
                          0.00   10.00   clock network delay (ideal)
                         -0.25    9.75   clock uncertainty
                          0.00    9.75   clock reconvergence pessimism
                         -2.00    7.75   output external delay
                                  7.75   data required time
-----------------------------------------------------------------------------
                                  7.75   data required time
                                 -5.37   data arrival time
-----------------------------------------------------------------------------
                                  2.38   slack (MET)




===========================================================================
report_checks --slack_max -0.01
============================================================================
======================= Typical Corner ===================================

No paths found.


===========================================================================
 report_check_types -max_slew -max_cap -max_fanout -violators
============================================================================
======================= Typical Corner ===================================


max slew violations count Typical: 0
max fanout violations count Typical: 0
max cap violations count Typical: 0

===========================================================================
report_parasitic_annotation -report_unannotated
============================================================================
Found 1 unannotated drivers.
 clone1/X
Found 200 partially unannotated drivers.
 A[3]
 A[5]
 _249_/X
 _251_/X
 _252_/X
 _253_/X
 _258_/Y
 _259_/Y
 _260_/X
 _262_/X
 _263_/X
 _264_/Y
 _265_/X
 _266_/X
 _267_/X
 _268_/Y
 _269_/X
 _270_/X
 _271_/Y
 _272_/X
 _273_/X
 _274_/X
 _276_/Y
 _277_/X
 _278_/X
 _279_/X
 _281_/Y
 _284_/X
 _285_/X
 _288_/X
 _289_/X
 _292_/X
 _293_/X
 _297_/Y
 _298_/X
 _299_/Y
 _302_/Y
 _304_/Y
 _305_/X
 _306_/X
 _307_/X
 _309_/X
 _310_/X
 _312_/X
 _313_/X
 _316_/Y
 _317_/X
 _318_/X
 _320_/X
 _321_/Y
 _322_/Y
 _323_/X
 _324_/Y
 _325_/X
 _326_/Y
 _328_/X
 _329_/X
 _333_/Y
 _334_/X
 _337_/X
 _338_/X
 _340_/X
 _341_/X
 _342_/X
 _343_/X
 _344_/X
 _345_/Y
 _347_/X
 _348_/Y
 _349_/X
 _350_/Y
 _351_/Y
 _354_/X
 _355_/Y
 _356_/Y
 _357_/X
 _358_/X
 _359_/Y
 _360_/X
 _361_/X
 _366_/X
 _368_/X
 _369_/Y
 _371_/X
 _372_/X
 _373_/X
 _374_/X
 _375_/X
 _376_/X
 _377_/Y
 _378_/X
 _380_/Y
 _382_/Y
 _385_/X
 _386_/Y
 _387_/Y
 _388_/Y
 _389_/X
 _391_/X
 _392_/X
 _394_/Y
 _395_/X
 _397_/X
 _398_/X
 _401_/X
 _402_/Y
 _403_/X
 _404_/Y
 _405_/Y
 _406_/X
 _408_/X
 _411_/Y
 _412_/X
 _413_/X
 _414_/Y
 _415_/Y
 _416_/Y
 _417_/X
 _418_/X
 _419_/X
 _420_/Y
 _421_/X
 _426_/X
 _427_/X
 _432_/Y
 _433_/X
 _434_/X
 _435_/Y
 _436_/Y
 _437_/X
 _438_/Y
 _441_/X
 _442_/X
 _443_/X
 _444_/Y
 _445_/X
 _446_/X
 _447_/Y
 _448_/X
 _449_/Y
 _450_/X
 _452_/Y
 _453_/Y
 _454_/X
 _456_/Y
 _458_/X
 _459_/Y
 _460_/X
 _461_/X
 _463_/X
 _465_/X
 _466_/X
 _469_/X
 _470_/X
 _471_/Y
 _472_/X
 _476_/X
 _477_/X
 _478_/Y
 _479_/X
 _481_/Y
 _484_/Y
 _485_/Y
 _486_/X
 _488_/Y
 _490_/Y
 _491_/Y
 _494_/X
 _495_/Y
 _496_/X
 _499_/Y
 _502_/Y
 _503_/X
 clone15/X
 clone21/X
 input1/X
 input10/X
 input11/X
 input12/X
 input13/X
 input14/X
 input15/X
 input17/X
 input18/X
 input2/X
 input5/X
 input6/X
 input7/X
 input9/X
 rebuffer11/X
 rebuffer13/X
 rebuffer17/X
 rebuffer20/X
 rebuffer25/X
 rebuffer3/X
 rebuffer4/X
 rebuffer6/X
 rebuffer7/X
 rebuffer8/X
 rebuffer9/X

===========================================================================
max slew violation count 0
max fanout violation count 0
max cap violation count 0
============================================================================

===========================================================================
check_setup -verbose -unconstrained_endpoints -multiple_clock -no_clock -no_input_delay -loops -generated_clocks
===========================================================================
