
===========================================================================
report_checks -path_delay max (Setup)
============================================================================
======================= Fastest Corner ===================================

Startpoint: B[0] (input port clocked by __VIRTUAL_CLK__)
Endpoint: OUT[7] (output port clocked by __VIRTUAL_CLK__)
Path Group: __VIRTUAL_CLK__
Path Type: max
Corner: Fastest

Fanout     Cap    Slew   Delay    Time   Description
-----------------------------------------------------------------------------
                  0.00    0.00    0.00   clock __VIRTUAL_CLK__ (rise edge)
                          0.00    0.00   clock network delay (ideal)
                          2.00    2.00 v input external delay
     1    0.00    0.01    0.00    2.00 v B[0] (in)
                                         B[0] (net)
                  0.01    0.00    2.00 v input9/A (sky130_fd_sc_hd__buf_4)
     6    0.08    0.08    0.13    2.13 v input9/X (sky130_fd_sc_hd__buf_4)
                                         net9 (net)
                  0.08    0.02    2.15 v _251_/A (sky130_fd_sc_hd__buf_12)
     5    0.07    0.04    0.13    2.28 v _251_/X (sky130_fd_sc_hd__buf_12)
                                         _182_ (net)
                  0.04    0.01    2.28 v _252_/A (sky130_fd_sc_hd__buf_4)
    10    0.09    0.09    0.16    2.44 v _252_/X (sky130_fd_sc_hd__buf_4)
                                         _183_ (net)
                  0.09    0.01    2.45 v _298_/A1 (sky130_fd_sc_hd__o21a_2)
     3    0.06    0.11    0.24    2.69 v _298_/X (sky130_fd_sc_hd__o21a_2)
                                         _227_ (net)
                  0.11    0.01    2.70 v _361_/A3 (sky130_fd_sc_hd__o31a_2)
     2    0.05    0.10    0.29    2.99 v _361_/X (sky130_fd_sc_hd__o31a_2)
                                         _040_ (net)
                  0.10    0.00    2.99 v _376_/B1 (sky130_fd_sc_hd__a21o_4)
     2    0.04    0.06    0.15    3.15 v _376_/X (sky130_fd_sc_hd__a21o_4)
                                         _054_ (net)
                  0.06    0.00    3.15 v _377_/B (sky130_fd_sc_hd__xnor2_2)
     3    0.05    0.44    0.37    3.52 ^ _377_/Y (sky130_fd_sc_hd__xnor2_2)
                                         _055_ (net)
                  0.44    0.00    3.52 ^ _378_/B (sky130_fd_sc_hd__and2_2)
     2    0.06    0.22    0.27    3.79 ^ _378_/X (sky130_fd_sc_hd__and2_2)
                                         _056_ (net)
                  0.22    0.01    3.80 ^ _380_/A (sky130_fd_sc_hd__nor2_2)
     2    0.04    0.10    0.10    3.90 v _380_/Y (sky130_fd_sc_hd__nor2_2)
                                         _058_ (net)
                  0.10    0.00    3.90 v _442_/A2 (sky130_fd_sc_hd__a21o_2)
     4    0.05    0.09    0.24    4.14 v _442_/X (sky130_fd_sc_hd__a21o_2)
                                         _119_ (net)
                  0.09    0.00    4.14 v _463_/A1 (sky130_fd_sc_hd__a211o_4)
     2    0.04    0.08    0.28    4.42 v _463_/X (sky130_fd_sc_hd__a211o_4)
                                         _139_ (net)
                  0.08    0.01    4.43 v _464_/B1 (sky130_fd_sc_hd__o311a_1)
     1    0.02    0.08    0.13    4.56 v _464_/X (sky130_fd_sc_hd__o311a_1)
                                         _140_ (net)
                  0.08    0.00    4.56 v _503_/A1 (sky130_fd_sc_hd__o32a_4)
     1    0.02    0.06    0.28    4.84 v _503_/X (sky130_fd_sc_hd__o32a_4)
                                         net27 (net)
                  0.06    0.00    4.85 v output27/A (sky130_fd_sc_hd__buf_8)
     1    0.03    0.03    0.10    4.95 v output27/X (sky130_fd_sc_hd__buf_8)
                                         OUT[7] (net)
                  0.03    0.00    4.95 v OUT[7] (out)
                                  4.95   data arrival time

                  0.00   10.00   10.00   clock __VIRTUAL_CLK__ (rise edge)
                          0.00   10.00   clock network delay (ideal)
                         -0.25    9.75   clock uncertainty
                          0.00    9.75   clock reconvergence pessimism
                         -2.00    7.75   output external delay
                                  7.75   data required time
-----------------------------------------------------------------------------
                                  7.75   data required time
                                 -4.95   data arrival time
-----------------------------------------------------------------------------
                                  2.80   slack (MET)


Startpoint: A[2] (input port clocked by __VIRTUAL_CLK__)
Endpoint: OUT[5] (output port clocked by __VIRTUAL_CLK__)
Path Group: __VIRTUAL_CLK__
Path Type: max
Corner: Fastest

Fanout     Cap    Slew   Delay    Time   Description
-----------------------------------------------------------------------------
                  0.00    0.00    0.00   clock __VIRTUAL_CLK__ (rise edge)
                          0.00    0.00   clock network delay (ideal)
                          2.00    2.00 ^ input external delay
     1    0.00    0.02    0.01    2.01 ^ A[2] (in)
                                         A[2] (net)
                  0.02    0.00    2.01 ^ input3/A (sky130_fd_sc_hd__buf_4)
     8    0.08    0.18    0.17    2.18 ^ input3/X (sky130_fd_sc_hd__buf_4)
                                         net3 (net)
                  0.18    0.02    2.20 ^ _288_/A (sky130_fd_sc_hd__buf_4)
    10    0.09    0.19    0.21    2.41 ^ _288_/X (sky130_fd_sc_hd__buf_4)
                                         _217_ (net)
                  0.19    0.01    2.41 ^ _292_/B1 (sky130_fd_sc_hd__a22o_1)
     2    0.03    0.23    0.23    2.64 ^ _292_/X (sky130_fd_sc_hd__a22o_1)
                                         _221_ (net)
                  0.23    0.00    2.65 ^ _328_/A3 (sky130_fd_sc_hd__a31o_1)
     2    0.02    0.15    0.20    2.84 ^ _328_/X (sky130_fd_sc_hd__a31o_1)
                                         _008_ (net)
                  0.15    0.00    2.84 ^ _329_/C (sky130_fd_sc_hd__and3_1)
     2    0.02    0.17    0.21    3.05 ^ _329_/X (sky130_fd_sc_hd__and3_1)
                                         _009_ (net)
                  0.17    0.00    3.06 ^ _331_/A_N (sky130_fd_sc_hd__and2b_1)
     1    0.02    0.08    0.18    3.24 v _331_/X (sky130_fd_sc_hd__and2b_1)
                                         _011_ (net)
                  0.08    0.00    3.24 v _332_/B (sky130_fd_sc_hd__xnor2_2)
     2    0.02    0.25    0.23    3.47 ^ _332_/Y (sky130_fd_sc_hd__xnor2_2)
                                         _012_ (net)
                  0.25    0.00    3.47 ^ _333_/B (sky130_fd_sc_hd__nand2_2)
     3    0.05    0.15    0.16    3.63 v _333_/Y (sky130_fd_sc_hd__nand2_2)
                                         _013_ (net)
                  0.15    0.01    3.64 v _359_/A_N (sky130_fd_sc_hd__nand3b_4)
     4    0.07    0.15    0.24    3.87 v _359_/Y (sky130_fd_sc_hd__nand3b_4)
                                         _038_ (net)
                  0.15    0.01    3.88 v _404_/B (sky130_fd_sc_hd__nand3_1)
     1    0.02    0.15    0.18    4.07 ^ _404_/Y (sky130_fd_sc_hd__nand3_1)
                                         _082_ (net)
                  0.15    0.00    4.07 ^ _408_/A3 (sky130_fd_sc_hd__a31o_1)
     1    0.03    0.23    0.25    4.32 ^ _408_/X (sky130_fd_sc_hd__a31o_1)
                                         _086_ (net)
                  0.23    0.00    4.32 ^ _409_/B1 (sky130_fd_sc_hd__a21oi_1)
     1    0.01    0.09    0.06    4.38 v _409_/Y (sky130_fd_sc_hd__a21oi_1)
                                         _087_ (net)
                  0.09    0.00    4.38 v _410_/B1 (sky130_fd_sc_hd__a21oi_1)
     1    0.02    0.38    0.25    4.63 ^ _410_/Y (sky130_fd_sc_hd__a21oi_1)
                                         net25 (net)
                  0.38    0.00    4.63 ^ output25/A (sky130_fd_sc_hd__buf_2)
     1    0.03    0.13    0.19    4.82 ^ output25/X (sky130_fd_sc_hd__buf_2)
                                         OUT[5] (net)
                  0.13    0.00    4.82 ^ OUT[5] (out)
                                  4.82   data arrival time

                  0.00   10.00   10.00   clock __VIRTUAL_CLK__ (rise edge)
                          0.00   10.00   clock network delay (ideal)
                         -0.25    9.75   clock uncertainty
                          0.00    9.75   clock reconvergence pessimism
                         -2.00    7.75   output external delay
                                  7.75   data required time
-----------------------------------------------------------------------------
                                  7.75   data required time
                                 -4.82   data arrival time
-----------------------------------------------------------------------------
                                  2.93   slack (MET)


Startpoint: B[2] (input port clocked by __VIRTUAL_CLK__)
Endpoint: OUT[6] (output port clocked by __VIRTUAL_CLK__)
Path Group: __VIRTUAL_CLK__
Path Type: max
Corner: Fastest

Fanout     Cap    Slew   Delay    Time   Description
-----------------------------------------------------------------------------
                  0.00    0.00    0.00   clock __VIRTUAL_CLK__ (rise edge)
                          0.00    0.00   clock network delay (ideal)
                          2.00    2.00 ^ input external delay
     1    0.00    0.01    0.01    2.01 ^ B[2] (in)
                                         B[2] (net)
                  0.01    0.00    2.01 ^ input11/A (sky130_fd_sc_hd__buf_2)
     5    0.06    0.22    0.20    2.20 ^ input11/X (sky130_fd_sc_hd__buf_2)
                                         net11 (net)
                  0.22    0.01    2.22 ^ _289_/A (sky130_fd_sc_hd__buf_6)
    10    0.10    0.15    0.17    2.38 ^ _289_/X (sky130_fd_sc_hd__buf_6)
                                         _218_ (net)
                  0.15    0.02    2.40 ^ _322_/B (sky130_fd_sc_hd__nand2_2)
     3    0.03    0.10    0.09    2.49 v _322_/Y (sky130_fd_sc_hd__nand2_2)
                                         _002_ (net)
                  0.10    0.00    2.49 v _351_/A1 (sky130_fd_sc_hd__o21bai_2)
     2    0.03    0.29    0.28    2.78 ^ _351_/Y (sky130_fd_sc_hd__o21bai_2)
                                         _030_ (net)
                  0.29    0.00    2.78 ^ _352_/C (sky130_fd_sc_hd__and3_1)
     2    0.02    0.14    0.20    2.99 ^ _352_/X (sky130_fd_sc_hd__and3_1)
                                         _031_ (net)
                  0.14    0.00    2.99 ^ _397_/B1 (sky130_fd_sc_hd__a21o_4)
     3    0.04    0.09    0.11    3.10 ^ _397_/X (sky130_fd_sc_hd__a21o_4)
                                         _075_ (net)
                  0.09    0.00    3.10 ^ rebuffer14/A (sky130_fd_sc_hd__buf_6)
     1    0.01    0.03    0.08    3.18 ^ rebuffer14/X (sky130_fd_sc_hd__buf_6)
                                         net41 (net)
                  0.03    0.00    3.19 ^ _399_/B1 (sky130_fd_sc_hd__a21oi_2)
     2    0.02    0.06    0.04    3.23 v _399_/Y (sky130_fd_sc_hd__a21oi_2)
                                         _077_ (net)
                  0.06    0.00    3.23 v _401_/B (sky130_fd_sc_hd__or3_4)
     4    0.03    0.07    0.28    3.51 v _401_/X (sky130_fd_sc_hd__or3_4)
                                         _079_ (net)
                  0.07    0.00    3.51 v rebuffer2/A (sky130_fd_sc_hd__dlymetal6s2s_1)
     1    0.01    0.05    0.13    3.65 v rebuffer2/X (sky130_fd_sc_hd__dlymetal6s2s_1)
                                         net29 (net)
                  0.05    0.00    3.65 v _436_/A1 (sky130_fd_sc_hd__a211oi_4)
     2    0.06    0.47    0.43    4.08 ^ _436_/Y (sky130_fd_sc_hd__a211oi_4)
                                         _113_ (net)
                  0.47    0.01    4.08 ^ _439_/A (sky130_fd_sc_hd__or2_1)
     1    0.02    0.17    0.19    4.27 ^ _439_/X (sky130_fd_sc_hd__or2_1)
                                         _116_ (net)
                  0.17    0.00    4.28 ^ _440_/A2 (sky130_fd_sc_hd__a21bo_1)
     1    0.01    0.09    0.13    4.41 ^ _440_/X (sky130_fd_sc_hd__a21bo_1)
                                         _117_ (net)
                  0.09    0.00    4.41 ^ _441_/B (sky130_fd_sc_hd__or2_1)
     1    0.03    0.22    0.22    4.63 ^ _441_/X (sky130_fd_sc_hd__or2_1)
                                         _118_ (net)
                  0.22    0.00    4.63 ^ _453_/B1 (sky130_fd_sc_hd__a22oi_1)
     1    0.00    0.07    0.05    4.68 v _453_/Y (sky130_fd_sc_hd__a22oi_1)
                                         net26 (net)
                  0.07    0.00    4.68 v output26/A (sky130_fd_sc_hd__buf_2)
     1    0.03    0.06    0.14    4.82 v output26/X (sky130_fd_sc_hd__buf_2)
                                         OUT[6] (net)
                  0.06    0.00    4.82 v OUT[6] (out)
                                  4.82   data arrival time

                  0.00   10.00   10.00   clock __VIRTUAL_CLK__ (rise edge)
                          0.00   10.00   clock network delay (ideal)
                         -0.25    9.75   clock uncertainty
                          0.00    9.75   clock reconvergence pessimism
                         -2.00    7.75   output external delay
                                  7.75   data required time
-----------------------------------------------------------------------------
                                  7.75   data required time
                                 -4.82   data arrival time
-----------------------------------------------------------------------------
                                  2.93   slack (MET)


Startpoint: B[0] (input port clocked by __VIRTUAL_CLK__)
Endpoint: OUT[4] (output port clocked by __VIRTUAL_CLK__)
Path Group: __VIRTUAL_CLK__
Path Type: max
Corner: Fastest

Fanout     Cap    Slew   Delay    Time   Description
-----------------------------------------------------------------------------
                  0.00    0.00    0.00   clock __VIRTUAL_CLK__ (rise edge)
                          0.00    0.00   clock network delay (ideal)
                          2.00    2.00 v input external delay
     1    0.00    0.01    0.00    2.00 v B[0] (in)
                                         B[0] (net)
                  0.01    0.00    2.00 v input9/A (sky130_fd_sc_hd__buf_4)
     6    0.08    0.08    0.13    2.13 v input9/X (sky130_fd_sc_hd__buf_4)
                                         net9 (net)
                  0.08    0.02    2.15 v _251_/A (sky130_fd_sc_hd__buf_12)
     5    0.07    0.04    0.13    2.28 v _251_/X (sky130_fd_sc_hd__buf_12)
                                         _182_ (net)
                  0.04    0.01    2.28 v _252_/A (sky130_fd_sc_hd__buf_4)
    10    0.09    0.09    0.16    2.44 v _252_/X (sky130_fd_sc_hd__buf_4)
                                         _183_ (net)
                  0.09    0.01    2.45 v _298_/A1 (sky130_fd_sc_hd__o21a_2)
     3    0.06    0.11    0.24    2.69 v _298_/X (sky130_fd_sc_hd__o21a_2)
                                         _227_ (net)
                  0.11    0.01    2.70 v _361_/A3 (sky130_fd_sc_hd__o31a_2)
     2    0.05    0.10    0.29    2.99 v _361_/X (sky130_fd_sc_hd__o31a_2)
                                         _040_ (net)
                  0.10    0.01    3.00 v _362_/B (sky130_fd_sc_hd__xnor2_2)
     2    0.02    0.09    0.16    3.15 v _362_/Y (sky130_fd_sc_hd__xnor2_2)
                                         _041_ (net)
                  0.09    0.00    3.16 v _363_/B (sky130_fd_sc_hd__and2_1)
     2    0.02    0.08    0.18    3.33 v _363_/X (sky130_fd_sc_hd__and2_1)
                                         _042_ (net)
                  0.08    0.00    3.34 v _365_/A (sky130_fd_sc_hd__nor2_1)
     3    0.03    0.34    0.30    3.64 ^ _365_/Y (sky130_fd_sc_hd__nor2_1)
                                         _044_ (net)
                  0.34    0.00    3.64 ^ _368_/A (sky130_fd_sc_hd__or2_1)
     2    0.04    0.26    0.26    3.89 ^ _368_/X (sky130_fd_sc_hd__or2_1)
                                         _047_ (net)
                  0.26    0.00    3.90 ^ _372_/A3 (sky130_fd_sc_hd__a31o_1)
     1    0.03    0.23    0.25    4.15 ^ _372_/X (sky130_fd_sc_hd__a31o_1)
                                         _051_ (net)
                  0.23    0.00    4.15 ^ _373_/B2 (sky130_fd_sc_hd__o2bb2a_1)
     1    0.02    0.17    0.22    4.37 ^ _373_/X (sky130_fd_sc_hd__o2bb2a_1)
                                         net24 (net)
                  0.17    0.00    4.37 ^ output24/A (sky130_fd_sc_hd__buf_2)
     1    0.03    0.13    0.17    4.54 ^ output24/X (sky130_fd_sc_hd__buf_2)
                                         OUT[4] (net)
                  0.13    0.00    4.55 ^ OUT[4] (out)
                                  4.55   data arrival time

                  0.00   10.00   10.00   clock __VIRTUAL_CLK__ (rise edge)
                          0.00   10.00   clock network delay (ideal)
                         -0.25    9.75   clock uncertainty
                          0.00    9.75   clock reconvergence pessimism
                         -2.00    7.75   output external delay
                                  7.75   data required time
-----------------------------------------------------------------------------
                                  7.75   data required time
                                 -4.55   data arrival time
-----------------------------------------------------------------------------
                                  3.20   slack (MET)


Startpoint: A[2] (input port clocked by __VIRTUAL_CLK__)
Endpoint: OUT[3] (output port clocked by __VIRTUAL_CLK__)
Path Group: __VIRTUAL_CLK__
Path Type: max
Corner: Fastest

Fanout     Cap    Slew   Delay    Time   Description
-----------------------------------------------------------------------------
                  0.00    0.00    0.00   clock __VIRTUAL_CLK__ (rise edge)
                          0.00    0.00   clock network delay (ideal)
                          2.00    2.00 ^ input external delay
     1    0.00    0.02    0.01    2.01 ^ A[2] (in)
                                         A[2] (net)
                  0.02    0.00    2.01 ^ input3/A (sky130_fd_sc_hd__buf_4)
     8    0.08    0.18    0.17    2.18 ^ input3/X (sky130_fd_sc_hd__buf_4)
                                         net3 (net)
                  0.18    0.02    2.20 ^ _288_/A (sky130_fd_sc_hd__buf_4)
    10    0.09    0.19    0.21    2.41 ^ _288_/X (sky130_fd_sc_hd__buf_4)
                                         _217_ (net)
                  0.19    0.01    2.41 ^ _292_/B1 (sky130_fd_sc_hd__a22o_1)
     2    0.03    0.23    0.23    2.64 ^ _292_/X (sky130_fd_sc_hd__a22o_1)
                                         _221_ (net)
                  0.23    0.00    2.65 ^ _328_/A3 (sky130_fd_sc_hd__a31o_1)
     2    0.02    0.15    0.20    2.84 ^ _328_/X (sky130_fd_sc_hd__a31o_1)
                                         _008_ (net)
                  0.15    0.00    2.84 ^ _329_/C (sky130_fd_sc_hd__and3_1)
     2    0.02    0.17    0.21    3.05 ^ _329_/X (sky130_fd_sc_hd__and3_1)
                                         _009_ (net)
                  0.17    0.00    3.06 ^ _331_/A_N (sky130_fd_sc_hd__and2b_1)
     1    0.02    0.08    0.18    3.24 v _331_/X (sky130_fd_sc_hd__and2b_1)
                                         _011_ (net)
                  0.08    0.00    3.24 v _332_/B (sky130_fd_sc_hd__xnor2_2)
     2    0.02    0.25    0.23    3.47 ^ _332_/Y (sky130_fd_sc_hd__xnor2_2)
                                         _012_ (net)
                  0.25    0.00    3.47 ^ _333_/B (sky130_fd_sc_hd__nand2_2)
     3    0.05    0.15    0.16    3.63 v _333_/Y (sky130_fd_sc_hd__nand2_2)
                                         _013_ (net)
                  0.15    0.00    3.64 v _338_/A2 (sky130_fd_sc_hd__a31o_1)
     1    0.03    0.10    0.25    3.88 v _338_/X (sky130_fd_sc_hd__a31o_1)
                                         _018_ (net)
                  0.10    0.00    3.89 v _339_/B2 (sky130_fd_sc_hd__o2bb2a_1)
     1    0.02    0.08    0.25    4.13 v _339_/X (sky130_fd_sc_hd__o2bb2a_1)
                                         net23 (net)
                  0.08    0.00    4.14 v output23/A (sky130_fd_sc_hd__buf_2)
     1    0.03    0.06    0.14    4.28 v output23/X (sky130_fd_sc_hd__buf_2)
                                         OUT[3] (net)
                  0.06    0.00    4.28 v OUT[3] (out)
                                  4.28   data arrival time

                  0.00   10.00   10.00   clock __VIRTUAL_CLK__ (rise edge)
                          0.00   10.00   clock network delay (ideal)
                         -0.25    9.75   clock uncertainty
                          0.00    9.75   clock reconvergence pessimism
                         -2.00    7.75   output external delay
                                  7.75   data required time
-----------------------------------------------------------------------------
                                  7.75   data required time
                                 -4.28   data arrival time
-----------------------------------------------------------------------------
                                  3.47   slack (MET)


Startpoint: B[0] (input port clocked by __VIRTUAL_CLK__)
Endpoint: OUT[2] (output port clocked by __VIRTUAL_CLK__)
Path Group: __VIRTUAL_CLK__
Path Type: max
Corner: Fastest

Fanout     Cap    Slew   Delay    Time   Description
-----------------------------------------------------------------------------
                  0.00    0.00    0.00   clock __VIRTUAL_CLK__ (rise edge)
                          0.00    0.00   clock network delay (ideal)
                          2.00    2.00 v input external delay
     1    0.00    0.01    0.00    2.00 v B[0] (in)
                                         B[0] (net)
                  0.01    0.00    2.00 v input9/A (sky130_fd_sc_hd__buf_4)
     6    0.08    0.08    0.13    2.13 v input9/X (sky130_fd_sc_hd__buf_4)
                                         net9 (net)
                  0.08    0.02    2.15 v _251_/A (sky130_fd_sc_hd__buf_12)
     5    0.07    0.04    0.13    2.28 v _251_/X (sky130_fd_sc_hd__buf_12)
                                         _182_ (net)
                  0.04    0.01    2.28 v _252_/A (sky130_fd_sc_hd__buf_4)
    10    0.09    0.09    0.16    2.44 v _252_/X (sky130_fd_sc_hd__buf_4)
                                         _183_ (net)
                  0.09    0.02    2.46 v _276_/A1 (sky130_fd_sc_hd__a21oi_2)
     2    0.05    0.40    0.37    2.82 ^ _276_/Y (sky130_fd_sc_hd__a21oi_2)
                                         _206_ (net)
                  0.40    0.00    2.83 ^ _278_/A1 (sky130_fd_sc_hd__o21a_1)
     2    0.02    0.15    0.19    3.01 ^ _278_/X (sky130_fd_sc_hd__o21a_1)
                                         _208_ (net)
                  0.15    0.00    3.02 ^ _301_/B1 (sky130_fd_sc_hd__a21o_1)
     2    0.01    0.04    0.07    3.08 ^ _301_/X (sky130_fd_sc_hd__a21o_1)
                                         _230_ (net)
                  0.04    0.00    3.08 ^ rebuffer23/A (sky130_fd_sc_hd__dlygate4sd1_1)
     2    0.02    0.14    0.21    3.29 ^ rebuffer23/X (sky130_fd_sc_hd__dlygate4sd1_1)
                                         net50 (net)
                  0.14    0.00    3.30 ^ rebuffer24/A (sky130_fd_sc_hd__dlygate4sd1_1)
     1    0.00    0.04    0.15    3.45 ^ rebuffer24/X (sky130_fd_sc_hd__dlygate4sd1_1)
                                         net51 (net)
                  0.04    0.00    3.45 ^ _302_/B (sky130_fd_sc_hd__nand2_1)
     1    0.01    0.07    0.05    3.49 v _302_/Y (sky130_fd_sc_hd__nand2_1)
                                         _231_ (net)
                  0.07    0.00    3.49 v _308_/A1 (sky130_fd_sc_hd__a211o_1)
     1    0.01    0.06    0.21    3.70 v _308_/X (sky130_fd_sc_hd__a211o_1)
                                         _237_ (net)
                  0.06    0.00    3.70 v _309_/B2 (sky130_fd_sc_hd__o2bb2a_1)
     1    0.03    0.11    0.26    3.96 v _309_/X (sky130_fd_sc_hd__o2bb2a_1)
                                         net22 (net)
                  0.11    0.00    3.97 v output22/A (sky130_fd_sc_hd__buf_2)
     1    0.03    0.06    0.16    4.12 v output22/X (sky130_fd_sc_hd__buf_2)
                                         OUT[2] (net)
                  0.06    0.00    4.12 v OUT[2] (out)
                                  4.12   data arrival time

                  0.00   10.00   10.00   clock __VIRTUAL_CLK__ (rise edge)
                          0.00   10.00   clock network delay (ideal)
                         -0.25    9.75   clock uncertainty
                          0.00    9.75   clock reconvergence pessimism
                         -2.00    7.75   output external delay
                                  7.75   data required time
-----------------------------------------------------------------------------
                                  7.75   data required time
                                 -4.12   data arrival time
-----------------------------------------------------------------------------
                                  3.63   slack (MET)


Startpoint: B[0] (input port clocked by __VIRTUAL_CLK__)
Endpoint: OUT[1] (output port clocked by __VIRTUAL_CLK__)
Path Group: __VIRTUAL_CLK__
Path Type: max
Corner: Fastest

Fanout     Cap    Slew   Delay    Time   Description
-----------------------------------------------------------------------------
                  0.00    0.00    0.00   clock __VIRTUAL_CLK__ (rise edge)
                          0.00    0.00   clock network delay (ideal)
                          2.00    2.00 v input external delay
     1    0.00    0.01    0.00    2.00 v B[0] (in)
                                         B[0] (net)
                  0.01    0.00    2.00 v input9/A (sky130_fd_sc_hd__buf_4)
     6    0.08    0.08    0.13    2.13 v input9/X (sky130_fd_sc_hd__buf_4)
                                         net9 (net)
                  0.08    0.02    2.15 v _251_/A (sky130_fd_sc_hd__buf_12)
     5    0.07    0.04    0.13    2.28 v _251_/X (sky130_fd_sc_hd__buf_12)
                                         _182_ (net)
                  0.04    0.01    2.28 v _252_/A (sky130_fd_sc_hd__buf_4)
    10    0.09    0.09    0.16    2.44 v _252_/X (sky130_fd_sc_hd__buf_4)
                                         _183_ (net)
                  0.09    0.02    2.46 v _276_/A1 (sky130_fd_sc_hd__a21oi_2)
     2    0.05    0.40    0.37    2.82 ^ _276_/Y (sky130_fd_sc_hd__a21oi_2)
                                         _206_ (net)
                  0.40    0.00    2.83 ^ _279_/B (sky130_fd_sc_hd__or3_4)
     2    0.03    0.07    0.15    2.98 ^ _279_/X (sky130_fd_sc_hd__or3_4)
                                         _209_ (net)
                  0.07    0.00    2.98 ^ _280_/B_N (sky130_fd_sc_hd__or2b_1)
     1    0.01    0.05    0.17    3.15 v _280_/X (sky130_fd_sc_hd__or2b_1)
                                         _210_ (net)
                  0.05    0.00    3.15 v _281_/B (sky130_fd_sc_hd__xnor2_1)
     1    0.02    0.09    0.13    3.28 v _281_/Y (sky130_fd_sc_hd__xnor2_1)
                                         _211_ (net)
                  0.09    0.00    3.29 v _286_/A2 (sky130_fd_sc_hd__a211o_1)
     1    0.01    0.06    0.24    3.53 v _286_/X (sky130_fd_sc_hd__a211o_1)
                                         _216_ (net)
                  0.06    0.00    3.53 v _287_/B2 (sky130_fd_sc_hd__o2bb2a_1)
     1    0.02    0.09    0.24    3.77 v _287_/X (sky130_fd_sc_hd__o2bb2a_1)
                                         net21 (net)
                  0.09    0.00    3.77 v output21/A (sky130_fd_sc_hd__buf_2)
     1    0.03    0.06    0.15    3.92 v output21/X (sky130_fd_sc_hd__buf_2)
                                         OUT[1] (net)
                  0.06    0.00    3.92 v OUT[1] (out)
                                  3.92   data arrival time

                  0.00   10.00   10.00   clock __VIRTUAL_CLK__ (rise edge)
                          0.00   10.00   clock network delay (ideal)
                         -0.25    9.75   clock uncertainty
                          0.00    9.75   clock reconvergence pessimism
                         -2.00    7.75   output external delay
                                  7.75   data required time
-----------------------------------------------------------------------------
                                  7.75   data required time
                                 -3.92   data arrival time
-----------------------------------------------------------------------------
                                  3.83   slack (MET)


Startpoint: opcode[1] (input port clocked by __VIRTUAL_CLK__)
Endpoint: OUT[0] (output port clocked by __VIRTUAL_CLK__)
Path Group: __VIRTUAL_CLK__
Path Type: max
Corner: Fastest

Fanout     Cap    Slew   Delay    Time   Description
-----------------------------------------------------------------------------
                  0.00    0.00    0.00   clock __VIRTUAL_CLK__ (rise edge)
                          0.00    0.00   clock network delay (ideal)
                          2.00    2.00 v input external delay
     1    0.00    0.01    0.00    2.00 v opcode[1] (in)
                                         opcode[1] (net)
                  0.01    0.00    2.00 v input18/A (sky130_fd_sc_hd__clkbuf_4)
     5    0.07    0.10    0.15    2.16 v input18/X (sky130_fd_sc_hd__clkbuf_4)
                                         net18 (net)
                  0.11    0.01    2.16 v _249_/B (sky130_fd_sc_hd__or2_4)
     5    0.06    0.09    0.23    2.40 v _249_/X (sky130_fd_sc_hd__or2_4)
                                         _180_ (net)
                  0.09    0.00    2.40 v _258_/B (sky130_fd_sc_hd__nor2_4)
     8    0.07    0.30    0.27    2.67 ^ _258_/Y (sky130_fd_sc_hd__nor2_4)
                                         _189_ (net)
                  0.30    0.00    2.67 ^ _260_/A1 (sky130_fd_sc_hd__o211a_1)
     1    0.02    0.15    0.21    2.89 ^ _260_/X (sky130_fd_sc_hd__o211a_1)
                                         _191_ (net)
                  0.15    0.00    2.89 ^ _261_/B1 (sky130_fd_sc_hd__a31o_1)
     1    0.02    0.13    0.14    3.03 ^ _261_/X (sky130_fd_sc_hd__a31o_1)
                                         _192_ (net)
                  0.13    0.00    3.03 ^ _262_/B2 (sky130_fd_sc_hd__a2bb2o_1)
     2    0.03    0.20    0.22    3.25 ^ _262_/X (sky130_fd_sc_hd__a2bb2o_1)
                                         net20 (net)
                  0.20    0.00    3.25 ^ output20/A (sky130_fd_sc_hd__buf_2)
     1    0.03    0.13    0.17    3.43 ^ output20/X (sky130_fd_sc_hd__buf_2)
                                         OUT[0] (net)
                  0.13    0.00    3.43 ^ OUT[0] (out)
                                  3.43   data arrival time

                  0.00   10.00   10.00   clock __VIRTUAL_CLK__ (rise edge)
                          0.00   10.00   clock network delay (ideal)
                         -0.25    9.75   clock uncertainty
                          0.00    9.75   clock reconvergence pessimism
                         -2.00    7.75   output external delay
                                  7.75   data required time
-----------------------------------------------------------------------------
                                  7.75   data required time
                                 -3.43   data arrival time
-----------------------------------------------------------------------------
                                  4.32   slack (MET)



worst slack corner Fastest: 2.7975
======================= Slowest Corner ===================================

Startpoint: A[2] (input port clocked by __VIRTUAL_CLK__)
Endpoint: OUT[7] (output port clocked by __VIRTUAL_CLK__)
Path Group: __VIRTUAL_CLK__
Path Type: max
Corner: Slowest

Fanout     Cap    Slew   Delay    Time   Description
-----------------------------------------------------------------------------
                  0.00    0.00    0.00   clock __VIRTUAL_CLK__ (rise edge)
                          0.00    0.00   clock network delay (ideal)
                          2.00    2.00 ^ input external delay
     1    0.00    0.04    0.02    2.02 ^ A[2] (in)
                                         A[2] (net)
                  0.04    0.00    2.02 ^ input3/A (sky130_fd_sc_hd__buf_4)
     8    0.08    0.37    0.42    2.44 ^ input3/X (sky130_fd_sc_hd__buf_4)
                                         net3 (net)
                  0.37    0.02    2.46 ^ _288_/A (sky130_fd_sc_hd__buf_4)
    10    0.09    0.40    0.59    3.06 ^ _288_/X (sky130_fd_sc_hd__buf_4)
                                         _217_ (net)
                  0.40    0.01    3.06 ^ _292_/B1 (sky130_fd_sc_hd__a22o_1)
     2    0.03    0.48    0.70    3.76 ^ _292_/X (sky130_fd_sc_hd__a22o_1)
                                         _221_ (net)
                  0.48    0.00    3.76 ^ _328_/A3 (sky130_fd_sc_hd__a31o_1)
     2    0.02    0.33    0.66    4.42 ^ _328_/X (sky130_fd_sc_hd__a31o_1)
                                         _008_ (net)
                  0.33    0.00    4.42 ^ _329_/C (sky130_fd_sc_hd__and3_1)
     2    0.02    0.34    0.63    5.05 ^ _329_/X (sky130_fd_sc_hd__and3_1)
                                         _009_ (net)
                  0.34    0.00    5.05 ^ _331_/A_N (sky130_fd_sc_hd__and2b_1)
     1    0.02    0.22    0.63    5.68 v _331_/X (sky130_fd_sc_hd__and2b_1)
                                         _011_ (net)
                  0.22    0.00    5.69 v _332_/B (sky130_fd_sc_hd__xnor2_2)
     2    0.02    0.51    0.54    6.23 ^ _332_/Y (sky130_fd_sc_hd__xnor2_2)
                                         _012_ (net)
                  0.51    0.00    6.23 ^ _333_/B (sky130_fd_sc_hd__nand2_2)
     3    0.05    0.44    0.57    6.79 v _333_/Y (sky130_fd_sc_hd__nand2_2)
                                         _013_ (net)
                  0.44    0.01    6.80 v _359_/A_N (sky130_fd_sc_hd__nand3b_4)
     4    0.07    0.47    0.76    7.56 v _359_/Y (sky130_fd_sc_hd__nand3b_4)
                                         _038_ (net)
                  0.47    0.01    7.57 v _438_/A1 (sky130_fd_sc_hd__a2111oi_4)
     3    0.03    0.94    1.16    8.73 ^ _438_/Y (sky130_fd_sc_hd__a2111oi_4)
                                         _115_ (net)
                  0.94    0.00    8.73 ^ _497_/B1 (sky130_fd_sc_hd__a21oi_2)
     1    0.03    0.29    0.44    9.17 v _497_/Y (sky130_fd_sc_hd__a21oi_2)
                                         _173_ (net)
                  0.29    0.00    9.18 v _498_/A1 (sky130_fd_sc_hd__o21a_1)
     1    0.02    0.18    0.56    9.74 v _498_/X (sky130_fd_sc_hd__o21a_1)
                                         _174_ (net)
                  0.18    0.00    9.74 v _503_/A3 (sky130_fd_sc_hd__o32a_4)
     1    0.02    0.17    0.70   10.44 v _503_/X (sky130_fd_sc_hd__o32a_4)
                                         net27 (net)
                  0.17    0.00   10.44 v output27/A (sky130_fd_sc_hd__buf_8)
     1    0.03    0.07    0.30   10.74 v output27/X (sky130_fd_sc_hd__buf_8)
                                         OUT[7] (net)
                  0.07    0.00   10.74 v OUT[7] (out)
                                 10.74   data arrival time

                  0.00   10.00   10.00   clock __VIRTUAL_CLK__ (rise edge)
                          0.00   10.00   clock network delay (ideal)
                         -0.25    9.75   clock uncertainty
                          0.00    9.75   clock reconvergence pessimism
                         -2.00    7.75   output external delay
                                  7.75   data required time
-----------------------------------------------------------------------------
                                  7.75   data required time
                                -10.74   data arrival time
-----------------------------------------------------------------------------
                                 -2.99   slack (VIOLATED)


Startpoint: A[2] (input port clocked by __VIRTUAL_CLK__)
Endpoint: OUT[5] (output port clocked by __VIRTUAL_CLK__)
Path Group: __VIRTUAL_CLK__
Path Type: max
Corner: Slowest

Fanout     Cap    Slew   Delay    Time   Description
-----------------------------------------------------------------------------
                  0.00    0.00    0.00   clock __VIRTUAL_CLK__ (rise edge)
                          0.00    0.00   clock network delay (ideal)
                          2.00    2.00 ^ input external delay
     1    0.00    0.04    0.02    2.02 ^ A[2] (in)
                                         A[2] (net)
                  0.04    0.00    2.02 ^ input3/A (sky130_fd_sc_hd__buf_4)
     8    0.08    0.37    0.42    2.44 ^ input3/X (sky130_fd_sc_hd__buf_4)
                                         net3 (net)
                  0.37    0.02    2.46 ^ _288_/A (sky130_fd_sc_hd__buf_4)
    10    0.09    0.40    0.59    3.06 ^ _288_/X (sky130_fd_sc_hd__buf_4)
                                         _217_ (net)
                  0.40    0.01    3.06 ^ _292_/B1 (sky130_fd_sc_hd__a22o_1)
     2    0.03    0.48    0.70    3.76 ^ _292_/X (sky130_fd_sc_hd__a22o_1)
                                         _221_ (net)
                  0.48    0.00    3.76 ^ _328_/A3 (sky130_fd_sc_hd__a31o_1)
     2    0.02    0.33    0.66    4.42 ^ _328_/X (sky130_fd_sc_hd__a31o_1)
                                         _008_ (net)
                  0.33    0.00    4.42 ^ _329_/C (sky130_fd_sc_hd__and3_1)
     2    0.02    0.34    0.63    5.05 ^ _329_/X (sky130_fd_sc_hd__and3_1)
                                         _009_ (net)
                  0.34    0.00    5.05 ^ _331_/A_N (sky130_fd_sc_hd__and2b_1)
     1    0.02    0.22    0.63    5.68 v _331_/X (sky130_fd_sc_hd__and2b_1)
                                         _011_ (net)
                  0.22    0.00    5.69 v _332_/B (sky130_fd_sc_hd__xnor2_2)
     2    0.02    0.51    0.54    6.23 ^ _332_/Y (sky130_fd_sc_hd__xnor2_2)
                                         _012_ (net)
                  0.51    0.00    6.23 ^ _333_/B (sky130_fd_sc_hd__nand2_2)
     3    0.05    0.44    0.57    6.79 v _333_/Y (sky130_fd_sc_hd__nand2_2)
                                         _013_ (net)
                  0.44    0.01    6.80 v _359_/A_N (sky130_fd_sc_hd__nand3b_4)
     4    0.07    0.47    0.76    7.56 v _359_/Y (sky130_fd_sc_hd__nand3b_4)
                                         _038_ (net)
                  0.47    0.01    7.57 v _404_/B (sky130_fd_sc_hd__nand3_1)
     1    0.02    0.33    0.50    8.07 ^ _404_/Y (sky130_fd_sc_hd__nand3_1)
                                         _082_ (net)
                  0.33    0.00    8.07 ^ _408_/A3 (sky130_fd_sc_hd__a31o_1)
     1    0.03    0.51    0.74    8.81 ^ _408_/X (sky130_fd_sc_hd__a31o_1)
                                         _086_ (net)
                  0.51    0.00    8.81 ^ _409_/B1 (sky130_fd_sc_hd__a21oi_1)
     1    0.01    0.22    0.30    9.11 v _409_/Y (sky130_fd_sc_hd__a21oi_1)
                                         _087_ (net)
                  0.22    0.00    9.11 v _410_/B1 (sky130_fd_sc_hd__a21oi_1)
     1    0.02    0.84    0.78    9.90 ^ _410_/Y (sky130_fd_sc_hd__a21oi_1)
                                         net25 (net)
                  0.84    0.00    9.90 ^ output25/A (sky130_fd_sc_hd__buf_2)
     1    0.03    0.28    0.66   10.56 ^ output25/X (sky130_fd_sc_hd__buf_2)
                                         OUT[5] (net)
                  0.28    0.00   10.56 ^ OUT[5] (out)
                                 10.56   data arrival time

                  0.00   10.00   10.00   clock __VIRTUAL_CLK__ (rise edge)
                          0.00   10.00   clock network delay (ideal)
                         -0.25    9.75   clock uncertainty
                          0.00    9.75   clock reconvergence pessimism
                         -2.00    7.75   output external delay
                                  7.75   data required time
-----------------------------------------------------------------------------
                                  7.75   data required time
                                -10.56   data arrival time
-----------------------------------------------------------------------------
                                 -2.81   slack (VIOLATED)


Startpoint: A[2] (input port clocked by __VIRTUAL_CLK__)
Endpoint: OUT[6] (output port clocked by __VIRTUAL_CLK__)
Path Group: __VIRTUAL_CLK__
Path Type: max
Corner: Slowest

Fanout     Cap    Slew   Delay    Time   Description
-----------------------------------------------------------------------------
                  0.00    0.00    0.00   clock __VIRTUAL_CLK__ (rise edge)
                          0.00    0.00   clock network delay (ideal)
                          2.00    2.00 ^ input external delay
     1    0.00    0.04    0.02    2.02 ^ A[2] (in)
                                         A[2] (net)
                  0.04    0.00    2.02 ^ input3/A (sky130_fd_sc_hd__buf_4)
     8    0.08    0.37    0.42    2.44 ^ input3/X (sky130_fd_sc_hd__buf_4)
                                         net3 (net)
                  0.37    0.02    2.46 ^ _288_/A (sky130_fd_sc_hd__buf_4)
    10    0.09    0.40    0.59    3.06 ^ _288_/X (sky130_fd_sc_hd__buf_4)
                                         _217_ (net)
                  0.40    0.01    3.06 ^ _292_/B1 (sky130_fd_sc_hd__a22o_1)
     2    0.03    0.48    0.70    3.76 ^ _292_/X (sky130_fd_sc_hd__a22o_1)
                                         _221_ (net)
                  0.48    0.00    3.76 ^ _328_/A3 (sky130_fd_sc_hd__a31o_1)
     2    0.02    0.33    0.66    4.42 ^ _328_/X (sky130_fd_sc_hd__a31o_1)
                                         _008_ (net)
                  0.33    0.00    4.42 ^ _329_/C (sky130_fd_sc_hd__and3_1)
     2    0.02    0.34    0.63    5.05 ^ _329_/X (sky130_fd_sc_hd__and3_1)
                                         _009_ (net)
                  0.34    0.00    5.05 ^ _331_/A_N (sky130_fd_sc_hd__and2b_1)
     1    0.02    0.22    0.63    5.68 v _331_/X (sky130_fd_sc_hd__and2b_1)
                                         _011_ (net)
                  0.22    0.00    5.69 v _332_/B (sky130_fd_sc_hd__xnor2_2)
     2    0.02    0.51    0.54    6.23 ^ _332_/Y (sky130_fd_sc_hd__xnor2_2)
                                         _012_ (net)
                  0.51    0.00    6.23 ^ _333_/B (sky130_fd_sc_hd__nand2_2)
     3    0.05    0.44    0.57    6.79 v _333_/Y (sky130_fd_sc_hd__nand2_2)
                                         _013_ (net)
                  0.44    0.01    6.80 v _359_/A_N (sky130_fd_sc_hd__nand3b_4)
     4    0.07    0.47    0.76    7.56 v _359_/Y (sky130_fd_sc_hd__nand3b_4)
                                         _038_ (net)
                  0.47    0.01    7.56 v _403_/A2 (sky130_fd_sc_hd__a21o_1)
     2    0.03    0.27    0.69    8.26 v _403_/X (sky130_fd_sc_hd__a21o_1)
                                         _081_ (net)
                  0.27    0.00    8.26 v _440_/A1 (sky130_fd_sc_hd__a21bo_1)
     1    0.01    0.15    0.50    8.76 v _440_/X (sky130_fd_sc_hd__a21bo_1)
                                         _117_ (net)
                  0.15    0.00    8.76 v _441_/B (sky130_fd_sc_hd__or2_1)
     1    0.03    0.33    0.77    9.53 v _441_/X (sky130_fd_sc_hd__or2_1)
                                         _118_ (net)
                  0.33    0.00    9.53 v _453_/B1 (sky130_fd_sc_hd__a22oi_1)
     1    0.00    0.27    0.36    9.89 ^ _453_/Y (sky130_fd_sc_hd__a22oi_1)
                                         net26 (net)
                  0.27    0.00    9.89 ^ output26/A (sky130_fd_sc_hd__buf_2)
     1    0.03    0.28    0.46   10.34 ^ output26/X (sky130_fd_sc_hd__buf_2)
                                         OUT[6] (net)
                  0.28    0.00   10.35 ^ OUT[6] (out)
                                 10.35   data arrival time

                  0.00   10.00   10.00   clock __VIRTUAL_CLK__ (rise edge)
                          0.00   10.00   clock network delay (ideal)
                         -0.25    9.75   clock uncertainty
                          0.00    9.75   clock reconvergence pessimism
                         -2.00    7.75   output external delay
                                  7.75   data required time
-----------------------------------------------------------------------------
                                  7.75   data required time
                                -10.35   data arrival time
-----------------------------------------------------------------------------
                                 -2.60   slack (VIOLATED)


Startpoint: A[2] (input port clocked by __VIRTUAL_CLK__)
Endpoint: OUT[4] (output port clocked by __VIRTUAL_CLK__)
Path Group: __VIRTUAL_CLK__
Path Type: max
Corner: Slowest

Fanout     Cap    Slew   Delay    Time   Description
-----------------------------------------------------------------------------
                  0.00    0.00    0.00   clock __VIRTUAL_CLK__ (rise edge)
                          0.00    0.00   clock network delay (ideal)
                          2.00    2.00 ^ input external delay
     1    0.00    0.04    0.02    2.02 ^ A[2] (in)
                                         A[2] (net)
                  0.04    0.00    2.02 ^ input3/A (sky130_fd_sc_hd__buf_4)
     8    0.08    0.37    0.42    2.44 ^ input3/X (sky130_fd_sc_hd__buf_4)
                                         net3 (net)
                  0.37    0.02    2.46 ^ _288_/A (sky130_fd_sc_hd__buf_4)
    10    0.09    0.40    0.59    3.06 ^ _288_/X (sky130_fd_sc_hd__buf_4)
                                         _217_ (net)
                  0.40    0.01    3.06 ^ _292_/B1 (sky130_fd_sc_hd__a22o_1)
     2    0.03    0.48    0.70    3.76 ^ _292_/X (sky130_fd_sc_hd__a22o_1)
                                         _221_ (net)
                  0.48    0.00    3.76 ^ _328_/A3 (sky130_fd_sc_hd__a31o_1)
     2    0.02    0.33    0.66    4.42 ^ _328_/X (sky130_fd_sc_hd__a31o_1)
                                         _008_ (net)
                  0.33    0.00    4.42 ^ _329_/C (sky130_fd_sc_hd__and3_1)
     2    0.02    0.34    0.63    5.05 ^ _329_/X (sky130_fd_sc_hd__and3_1)
                                         _009_ (net)
                  0.34    0.00    5.05 ^ _331_/A_N (sky130_fd_sc_hd__and2b_1)
     1    0.02    0.22    0.63    5.68 v _331_/X (sky130_fd_sc_hd__and2b_1)
                                         _011_ (net)
                  0.22    0.00    5.69 v _332_/B (sky130_fd_sc_hd__xnor2_2)
     2    0.02    0.51    0.54    6.23 ^ _332_/Y (sky130_fd_sc_hd__xnor2_2)
                                         _012_ (net)
                  0.51    0.00    6.23 ^ _333_/B (sky130_fd_sc_hd__nand2_2)
     3    0.05    0.44    0.57    6.79 v _333_/Y (sky130_fd_sc_hd__nand2_2)
                                         _013_ (net)
                  0.44    0.01    6.80 v _359_/A_N (sky130_fd_sc_hd__nand3b_4)
     4    0.07    0.47    0.76    7.56 v _359_/Y (sky130_fd_sc_hd__nand3b_4)
                                         _038_ (net)
                  0.47    0.01    7.56 v _360_/C (sky130_fd_sc_hd__and3_1)
     1    0.01    0.12    0.65    8.21 v _360_/X (sky130_fd_sc_hd__and3_1)
                                         _039_ (net)
                  0.12    0.00    8.21 v _373_/B1 (sky130_fd_sc_hd__o2bb2a_1)
     1    0.02    0.27    0.88    9.10 v _373_/X (sky130_fd_sc_hd__o2bb2a_1)
                                         net24 (net)
                  0.27    0.00    9.10 v output24/A (sky130_fd_sc_hd__buf_2)
     1    0.03    0.17    0.46    9.56 v output24/X (sky130_fd_sc_hd__buf_2)
                                         OUT[4] (net)
                  0.17    0.00    9.56 v OUT[4] (out)
                                  9.56   data arrival time

                  0.00   10.00   10.00   clock __VIRTUAL_CLK__ (rise edge)
                          0.00   10.00   clock network delay (ideal)
                         -0.25    9.75   clock uncertainty
                          0.00    9.75   clock reconvergence pessimism
                         -2.00    7.75   output external delay
                                  7.75   data required time
-----------------------------------------------------------------------------
                                  7.75   data required time
                                 -9.56   data arrival time
-----------------------------------------------------------------------------
                                 -1.81   slack (VIOLATED)


Startpoint: A[2] (input port clocked by __VIRTUAL_CLK__)
Endpoint: OUT[3] (output port clocked by __VIRTUAL_CLK__)
Path Group: __VIRTUAL_CLK__
Path Type: max
Corner: Slowest

Fanout     Cap    Slew   Delay    Time   Description
-----------------------------------------------------------------------------
                  0.00    0.00    0.00   clock __VIRTUAL_CLK__ (rise edge)
                          0.00    0.00   clock network delay (ideal)
                          2.00    2.00 ^ input external delay
     1    0.00    0.04    0.02    2.02 ^ A[2] (in)
                                         A[2] (net)
                  0.04    0.00    2.02 ^ input3/A (sky130_fd_sc_hd__buf_4)
     8    0.08    0.37    0.42    2.44 ^ input3/X (sky130_fd_sc_hd__buf_4)
                                         net3 (net)
                  0.37    0.02    2.46 ^ _288_/A (sky130_fd_sc_hd__buf_4)
    10    0.09    0.40    0.59    3.06 ^ _288_/X (sky130_fd_sc_hd__buf_4)
                                         _217_ (net)
                  0.40    0.01    3.06 ^ _292_/B1 (sky130_fd_sc_hd__a22o_1)
     2    0.03    0.48    0.70    3.76 ^ _292_/X (sky130_fd_sc_hd__a22o_1)
                                         _221_ (net)
                  0.48    0.00    3.76 ^ _328_/A3 (sky130_fd_sc_hd__a31o_1)
     2    0.02    0.33    0.66    4.42 ^ _328_/X (sky130_fd_sc_hd__a31o_1)
                                         _008_ (net)
                  0.33    0.00    4.42 ^ _329_/C (sky130_fd_sc_hd__and3_1)
     2    0.02    0.34    0.63    5.05 ^ _329_/X (sky130_fd_sc_hd__and3_1)
                                         _009_ (net)
                  0.34    0.00    5.05 ^ _331_/A_N (sky130_fd_sc_hd__and2b_1)
     1    0.02    0.22    0.63    5.68 v _331_/X (sky130_fd_sc_hd__and2b_1)
                                         _011_ (net)
                  0.22    0.00    5.69 v _332_/B (sky130_fd_sc_hd__xnor2_2)
     2    0.02    0.51    0.54    6.23 ^ _332_/Y (sky130_fd_sc_hd__xnor2_2)
                                         _012_ (net)
                  0.51    0.00    6.23 ^ _333_/B (sky130_fd_sc_hd__nand2_2)
     3    0.05    0.44    0.57    6.79 v _333_/Y (sky130_fd_sc_hd__nand2_2)
                                         _013_ (net)
                  0.44    0.00    6.80 v _338_/A2 (sky130_fd_sc_hd__a31o_1)
     1    0.03    0.24    0.73    7.52 v _338_/X (sky130_fd_sc_hd__a31o_1)
                                         _018_ (net)
                  0.24    0.00    7.53 v _339_/B2 (sky130_fd_sc_hd__o2bb2a_1)
     1    0.02    0.22    0.86    8.39 v _339_/X (sky130_fd_sc_hd__o2bb2a_1)
                                         net23 (net)
                  0.22    0.00    8.39 v output23/A (sky130_fd_sc_hd__buf_2)
     1    0.03    0.17    0.44    8.83 v output23/X (sky130_fd_sc_hd__buf_2)
                                         OUT[3] (net)
                  0.17    0.00    8.83 v OUT[3] (out)
                                  8.83   data arrival time

                  0.00   10.00   10.00   clock __VIRTUAL_CLK__ (rise edge)
                          0.00   10.00   clock network delay (ideal)
                         -0.25    9.75   clock uncertainty
                          0.00    9.75   clock reconvergence pessimism
                         -2.00    7.75   output external delay
                                  7.75   data required time
-----------------------------------------------------------------------------
                                  7.75   data required time
                                 -8.83   data arrival time
-----------------------------------------------------------------------------
                                 -1.08   slack (VIOLATED)


Startpoint: B[0] (input port clocked by __VIRTUAL_CLK__)
Endpoint: OUT[2] (output port clocked by __VIRTUAL_CLK__)
Path Group: __VIRTUAL_CLK__
Path Type: max
Corner: Slowest

Fanout     Cap    Slew   Delay    Time   Description
-----------------------------------------------------------------------------
                  0.00    0.00    0.00   clock __VIRTUAL_CLK__ (rise edge)
                          0.00    0.00   clock network delay (ideal)
                          2.00    2.00 v input external delay
     1    0.00    0.02    0.01    2.01 v B[0] (in)
                                         B[0] (net)
                  0.02    0.00    2.01 v input9/A (sky130_fd_sc_hd__buf_4)
     6    0.08    0.19    0.37    2.38 v input9/X (sky130_fd_sc_hd__buf_4)
                                         net9 (net)
                  0.20    0.02    2.40 v _251_/A (sky130_fd_sc_hd__buf_12)
     5    0.07    0.09    0.34    2.74 v _251_/X (sky130_fd_sc_hd__buf_12)
                                         _182_ (net)
                  0.09    0.01    2.75 v _252_/A (sky130_fd_sc_hd__buf_4)
    10    0.09    0.22    0.43    3.17 v _252_/X (sky130_fd_sc_hd__buf_4)
                                         _183_ (net)
                  0.22    0.02    3.19 v _276_/A1 (sky130_fd_sc_hd__a21oi_2)
     2    0.05    0.89    0.87    4.06 ^ _276_/Y (sky130_fd_sc_hd__a21oi_2)
                                         _206_ (net)
                  0.89    0.00    4.06 ^ _278_/A1 (sky130_fd_sc_hd__o21a_1)
     2    0.02    0.33    0.72    4.78 ^ _278_/X (sky130_fd_sc_hd__o21a_1)
                                         _208_ (net)
                  0.33    0.00    4.78 ^ _301_/B1 (sky130_fd_sc_hd__a21o_1)
     2    0.00    0.09    0.26    5.05 ^ _301_/X (sky130_fd_sc_hd__a21o_1)
                                         _230_ (net)
                  0.09    0.00    5.05 ^ rebuffer23/A (sky130_fd_sc_hd__dlygate4sd1_1)
     2    0.02    0.28    0.56    5.61 ^ rebuffer23/X (sky130_fd_sc_hd__dlygate4sd1_1)
                                         net50 (net)
                  0.28    0.00    5.61 ^ rebuffer24/A (sky130_fd_sc_hd__dlygate4sd1_1)
     1    0.00    0.09    0.49    6.10 ^ rebuffer24/X (sky130_fd_sc_hd__dlygate4sd1_1)
                                         net51 (net)
                  0.09    0.00    6.10 ^ _302_/B (sky130_fd_sc_hd__nand2_1)
     1    0.01    0.19    0.17    6.28 v _302_/Y (sky130_fd_sc_hd__nand2_1)
                                         _231_ (net)
                  0.19    0.00    6.28 v _308_/A1 (sky130_fd_sc_hd__a211o_1)
     1    0.01    0.15    0.64    6.92 v _308_/X (sky130_fd_sc_hd__a211o_1)
                                         _237_ (net)
                  0.15    0.00    6.92 v _309_/B2 (sky130_fd_sc_hd__o2bb2a_1)
     1    0.03    0.30    0.89    7.81 v _309_/X (sky130_fd_sc_hd__o2bb2a_1)
                                         net22 (net)
                  0.30    0.00    7.81 v output22/A (sky130_fd_sc_hd__buf_2)
     1    0.03    0.17    0.47    8.29 v output22/X (sky130_fd_sc_hd__buf_2)
                                         OUT[2] (net)
                  0.17    0.00    8.29 v OUT[2] (out)
                                  8.29   data arrival time

                  0.00   10.00   10.00   clock __VIRTUAL_CLK__ (rise edge)
                          0.00   10.00   clock network delay (ideal)
                         -0.25    9.75   clock uncertainty
                          0.00    9.75   clock reconvergence pessimism
                         -2.00    7.75   output external delay
                                  7.75   data required time
-----------------------------------------------------------------------------
                                  7.75   data required time
                                 -8.29   data arrival time
-----------------------------------------------------------------------------
                                 -0.54   slack (VIOLATED)


Startpoint: B[0] (input port clocked by __VIRTUAL_CLK__)
Endpoint: OUT[1] (output port clocked by __VIRTUAL_CLK__)
Path Group: __VIRTUAL_CLK__
Path Type: max
Corner: Slowest

Fanout     Cap    Slew   Delay    Time   Description
-----------------------------------------------------------------------------
                  0.00    0.00    0.00   clock __VIRTUAL_CLK__ (rise edge)
                          0.00    0.00   clock network delay (ideal)
                          2.00    2.00 v input external delay
     1    0.00    0.02    0.01    2.01 v B[0] (in)
                                         B[0] (net)
                  0.02    0.00    2.01 v input9/A (sky130_fd_sc_hd__buf_4)
     6    0.08    0.19    0.37    2.38 v input9/X (sky130_fd_sc_hd__buf_4)
                                         net9 (net)
                  0.20    0.02    2.40 v _251_/A (sky130_fd_sc_hd__buf_12)
     5    0.07    0.09    0.34    2.74 v _251_/X (sky130_fd_sc_hd__buf_12)
                                         _182_ (net)
                  0.09    0.01    2.75 v _252_/A (sky130_fd_sc_hd__buf_4)
    10    0.09    0.22    0.43    3.17 v _252_/X (sky130_fd_sc_hd__buf_4)
                                         _183_ (net)
                  0.22    0.02    3.19 v _276_/A1 (sky130_fd_sc_hd__a21oi_2)
     2    0.05    0.89    0.87    4.06 ^ _276_/Y (sky130_fd_sc_hd__a21oi_2)
                                         _206_ (net)
                  0.89    0.00    4.06 ^ _279_/B (sky130_fd_sc_hd__or3_4)
     2    0.03    0.16    0.63    4.69 ^ _279_/X (sky130_fd_sc_hd__or3_4)
                                         _209_ (net)
                  0.16    0.00    4.69 ^ _280_/B_N (sky130_fd_sc_hd__or2b_1)
     1    0.01    0.15    0.62    5.32 v _280_/X (sky130_fd_sc_hd__or2b_1)
                                         _210_ (net)
                  0.15    0.00    5.32 v _281_/B (sky130_fd_sc_hd__xnor2_1)
     1    0.02    0.29    0.40    5.72 v _281_/Y (sky130_fd_sc_hd__xnor2_1)
                                         _211_ (net)
                  0.29    0.00    5.73 v _286_/A2 (sky130_fd_sc_hd__a211o_1)
     1    0.01    0.15    0.73    6.46 v _286_/X (sky130_fd_sc_hd__a211o_1)
                                         _216_ (net)
                  0.15    0.00    6.46 v _287_/B2 (sky130_fd_sc_hd__o2bb2a_1)
     1    0.02    0.24    0.85    7.31 v _287_/X (sky130_fd_sc_hd__o2bb2a_1)
                                         net21 (net)
                  0.24    0.00    7.31 v output21/A (sky130_fd_sc_hd__buf_2)
     1    0.03    0.17    0.45    7.76 v output21/X (sky130_fd_sc_hd__buf_2)
                                         OUT[1] (net)
                  0.17    0.00    7.76 v OUT[1] (out)
                                  7.76   data arrival time

                  0.00   10.00   10.00   clock __VIRTUAL_CLK__ (rise edge)
                          0.00   10.00   clock network delay (ideal)
                         -0.25    9.75   clock uncertainty
                          0.00    9.75   clock reconvergence pessimism
                         -2.00    7.75   output external delay
                                  7.75   data required time
-----------------------------------------------------------------------------
                                  7.75   data required time
                                 -7.76   data arrival time
-----------------------------------------------------------------------------
                                 -0.01   slack (VIOLATED)


Startpoint: opcode[1] (input port clocked by __VIRTUAL_CLK__)
Endpoint: OUT[0] (output port clocked by __VIRTUAL_CLK__)
Path Group: __VIRTUAL_CLK__
Path Type: max
Corner: Slowest

Fanout     Cap    Slew   Delay    Time   Description
-----------------------------------------------------------------------------
                  0.00    0.00    0.00   clock __VIRTUAL_CLK__ (rise edge)
                          0.00    0.00   clock network delay (ideal)
                          2.00    2.00 v input external delay
     1    0.00    0.02    0.01    2.01 v opcode[1] (in)
                                         opcode[1] (net)
                  0.02    0.00    2.01 v input18/A (sky130_fd_sc_hd__clkbuf_4)
     5    0.07    0.27    0.41    2.42 v input18/X (sky130_fd_sc_hd__clkbuf_4)
                                         net18 (net)
                  0.27    0.01    2.43 v _249_/B (sky130_fd_sc_hd__or2_4)
     5    0.06    0.20    0.70    3.12 v _249_/X (sky130_fd_sc_hd__or2_4)
                                         _180_ (net)
                  0.20    0.00    3.13 v _258_/B (sky130_fd_sc_hd__nor2_4)
     8    0.07    0.67    0.63    3.76 ^ _258_/Y (sky130_fd_sc_hd__nor2_4)
                                         _189_ (net)
                  0.67    0.00    3.76 ^ _260_/A1 (sky130_fd_sc_hd__o211a_1)
     1    0.02    0.33    0.75    4.52 ^ _260_/X (sky130_fd_sc_hd__o211a_1)
                                         _191_ (net)
                  0.33    0.00    4.52 ^ _261_/B1 (sky130_fd_sc_hd__a31o_1)
     1    0.02    0.28    0.44    4.96 ^ _261_/X (sky130_fd_sc_hd__a31o_1)
                                         _192_ (net)
                  0.28    0.00    4.96 ^ _262_/B2 (sky130_fd_sc_hd__a2bb2o_1)
     2    0.03    0.40    0.59    5.55 ^ _262_/X (sky130_fd_sc_hd__a2bb2o_1)
                                         net20 (net)
                  0.40    0.00    5.56 ^ output20/A (sky130_fd_sc_hd__buf_2)
     1    0.03    0.27    0.51    6.06 ^ output20/X (sky130_fd_sc_hd__buf_2)
                                         OUT[0] (net)
                  0.27    0.00    6.07 ^ OUT[0] (out)
                                  6.07   data arrival time

                  0.00   10.00   10.00   clock __VIRTUAL_CLK__ (rise edge)
                          0.00   10.00   clock network delay (ideal)
                         -0.25    9.75   clock uncertainty
                          0.00    9.75   clock reconvergence pessimism
                         -2.00    7.75   output external delay
                                  7.75   data required time
-----------------------------------------------------------------------------
                                  7.75   data required time
                                 -6.07   data arrival time
-----------------------------------------------------------------------------
                                  1.68   slack (MET)



worst slack corner Slowest: -2.9897
======================= Typical Corner ===================================

Startpoint: A[2] (input port clocked by __VIRTUAL_CLK__)
Endpoint: OUT[7] (output port clocked by __VIRTUAL_CLK__)
Path Group: __VIRTUAL_CLK__
Path Type: max
Corner: Typical

Fanout     Cap    Slew   Delay    Time   Description
-----------------------------------------------------------------------------
                  0.00    0.00    0.00   clock __VIRTUAL_CLK__ (rise edge)
                          0.00    0.00   clock network delay (ideal)
                          2.00    2.00 ^ input external delay
     1    0.00    0.02    0.01    2.01 ^ A[2] (in)
                                         A[2] (net)
                  0.02    0.00    2.01 ^ input3/A (sky130_fd_sc_hd__buf_4)
     8    0.08    0.23    0.24    2.25 ^ input3/X (sky130_fd_sc_hd__buf_4)
                                         net3 (net)
                  0.23    0.02    2.27 ^ _288_/A (sky130_fd_sc_hd__buf_4)
    10    0.09    0.25    0.32    2.60 ^ _288_/X (sky130_fd_sc_hd__buf_4)
                                         _217_ (net)
                  0.25    0.01    2.60 ^ _292_/B1 (sky130_fd_sc_hd__a22o_1)
     2    0.03    0.30    0.37    2.98 ^ _292_/X (sky130_fd_sc_hd__a22o_1)
                                         _221_ (net)
                  0.30    0.00    2.98 ^ _328_/A3 (sky130_fd_sc_hd__a31o_1)
     2    0.02    0.21    0.32    3.30 ^ _328_/X (sky130_fd_sc_hd__a31o_1)
                                         _008_ (net)
                  0.21    0.00    3.30 ^ _329_/C (sky130_fd_sc_hd__and3_1)
     2    0.02    0.22    0.33    3.63 ^ _329_/X (sky130_fd_sc_hd__and3_1)
                                         _009_ (net)
                  0.22    0.00    3.63 ^ _331_/A_N (sky130_fd_sc_hd__and2b_1)
     1    0.02    0.12    0.30    3.93 v _331_/X (sky130_fd_sc_hd__and2b_1)
                                         _011_ (net)
                  0.12    0.00    3.93 v _332_/B (sky130_fd_sc_hd__xnor2_2)
     2    0.02    0.33    0.32    4.25 ^ _332_/Y (sky130_fd_sc_hd__xnor2_2)
                                         _012_ (net)
                  0.33    0.00    4.26 ^ _333_/B (sky130_fd_sc_hd__nand2_2)
     3    0.05    0.22    0.27    4.52 v _333_/Y (sky130_fd_sc_hd__nand2_2)
                                         _013_ (net)
                  0.22    0.01    4.53 v _359_/A_N (sky130_fd_sc_hd__nand3b_4)
     4    0.07    0.23    0.37    4.90 v _359_/Y (sky130_fd_sc_hd__nand3b_4)
                                         _038_ (net)
                  0.23    0.01    4.91 v _438_/A1 (sky130_fd_sc_hd__a2111oi_4)
     3    0.03    0.59    0.65    5.57 ^ _438_/Y (sky130_fd_sc_hd__a2111oi_4)
                                         _115_ (net)
                  0.59    0.00    5.57 ^ _497_/B1 (sky130_fd_sc_hd__a21oi_2)
     1    0.03    0.17    0.18    5.75 v _497_/Y (sky130_fd_sc_hd__a21oi_2)
                                         _173_ (net)
                  0.17    0.00    5.76 v _498_/A1 (sky130_fd_sc_hd__o21a_1)
     1    0.02    0.10    0.30    6.05 v _498_/X (sky130_fd_sc_hd__o21a_1)
                                         _174_ (net)
                  0.10    0.00    6.06 v _503_/A3 (sky130_fd_sc_hd__o32a_4)
     1    0.02    0.08    0.38    6.43 v _503_/X (sky130_fd_sc_hd__o32a_4)
                                         net27 (net)
                  0.08    0.00    6.44 v output27/A (sky130_fd_sc_hd__buf_8)
     1    0.03    0.04    0.16    6.59 v output27/X (sky130_fd_sc_hd__buf_8)
                                         OUT[7] (net)
                  0.04    0.00    6.59 v OUT[7] (out)
                                  6.59   data arrival time

                  0.00   10.00   10.00   clock __VIRTUAL_CLK__ (rise edge)
                          0.00   10.00   clock network delay (ideal)
                         -0.25    9.75   clock uncertainty
                          0.00    9.75   clock reconvergence pessimism
                         -2.00    7.75   output external delay
                                  7.75   data required time
-----------------------------------------------------------------------------
                                  7.75   data required time
                                 -6.59   data arrival time
-----------------------------------------------------------------------------
                                  1.16   slack (MET)


Startpoint: A[2] (input port clocked by __VIRTUAL_CLK__)
Endpoint: OUT[5] (output port clocked by __VIRTUAL_CLK__)
Path Group: __VIRTUAL_CLK__
Path Type: max
Corner: Typical

Fanout     Cap    Slew   Delay    Time   Description
-----------------------------------------------------------------------------
                  0.00    0.00    0.00   clock __VIRTUAL_CLK__ (rise edge)
                          0.00    0.00   clock network delay (ideal)
                          2.00    2.00 ^ input external delay
     1    0.00    0.02    0.01    2.01 ^ A[2] (in)
                                         A[2] (net)
                  0.02    0.00    2.01 ^ input3/A (sky130_fd_sc_hd__buf_4)
     8    0.08    0.23    0.24    2.25 ^ input3/X (sky130_fd_sc_hd__buf_4)
                                         net3 (net)
                  0.23    0.02    2.27 ^ _288_/A (sky130_fd_sc_hd__buf_4)
    10    0.09    0.25    0.32    2.60 ^ _288_/X (sky130_fd_sc_hd__buf_4)
                                         _217_ (net)
                  0.25    0.01    2.60 ^ _292_/B1 (sky130_fd_sc_hd__a22o_1)
     2    0.03    0.30    0.37    2.98 ^ _292_/X (sky130_fd_sc_hd__a22o_1)
                                         _221_ (net)
                  0.30    0.00    2.98 ^ _328_/A3 (sky130_fd_sc_hd__a31o_1)
     2    0.02    0.21    0.32    3.30 ^ _328_/X (sky130_fd_sc_hd__a31o_1)
                                         _008_ (net)
                  0.21    0.00    3.30 ^ _329_/C (sky130_fd_sc_hd__and3_1)
     2    0.02    0.22    0.33    3.63 ^ _329_/X (sky130_fd_sc_hd__and3_1)
                                         _009_ (net)
                  0.22    0.00    3.63 ^ _331_/A_N (sky130_fd_sc_hd__and2b_1)
     1    0.02    0.12    0.30    3.93 v _331_/X (sky130_fd_sc_hd__and2b_1)
                                         _011_ (net)
                  0.12    0.00    3.93 v _332_/B (sky130_fd_sc_hd__xnor2_2)
     2    0.02    0.33    0.32    4.25 ^ _332_/Y (sky130_fd_sc_hd__xnor2_2)
                                         _012_ (net)
                  0.33    0.00    4.26 ^ _333_/B (sky130_fd_sc_hd__nand2_2)
     3    0.05    0.22    0.27    4.52 v _333_/Y (sky130_fd_sc_hd__nand2_2)
                                         _013_ (net)
                  0.22    0.01    4.53 v _359_/A_N (sky130_fd_sc_hd__nand3b_4)
     4    0.07    0.23    0.37    4.90 v _359_/Y (sky130_fd_sc_hd__nand3b_4)
                                         _038_ (net)
                  0.23    0.01    4.91 v _404_/B (sky130_fd_sc_hd__nand3_1)
     1    0.02    0.20    0.27    5.18 ^ _404_/Y (sky130_fd_sc_hd__nand3_1)
                                         _082_ (net)
                  0.20    0.00    5.18 ^ _408_/A3 (sky130_fd_sc_hd__a31o_1)
     1    0.03    0.31    0.38    5.56 ^ _408_/X (sky130_fd_sc_hd__a31o_1)
                                         _086_ (net)
                  0.32    0.00    5.57 ^ _409_/B1 (sky130_fd_sc_hd__a21oi_1)
     1    0.01    0.12    0.13    5.70 v _409_/Y (sky130_fd_sc_hd__a21oi_1)
                                         _087_ (net)
                  0.12    0.00    5.70 v _410_/B1 (sky130_fd_sc_hd__a21oi_1)
     1    0.02    0.52    0.47    6.16 ^ _410_/Y (sky130_fd_sc_hd__a21oi_1)
                                         net25 (net)
                  0.52    0.00    6.16 ^ output25/A (sky130_fd_sc_hd__buf_2)
     1    0.03    0.17    0.32    6.49 ^ output25/X (sky130_fd_sc_hd__buf_2)
                                         OUT[5] (net)
                  0.17    0.00    6.49 ^ OUT[5] (out)
                                  6.49   data arrival time

                  0.00   10.00   10.00   clock __VIRTUAL_CLK__ (rise edge)
                          0.00   10.00   clock network delay (ideal)
                         -0.25    9.75   clock uncertainty
                          0.00    9.75   clock reconvergence pessimism
                         -2.00    7.75   output external delay
                                  7.75   data required time
-----------------------------------------------------------------------------
                                  7.75   data required time
                                 -6.49   data arrival time
-----------------------------------------------------------------------------
                                  1.26   slack (MET)


Startpoint: B[2] (input port clocked by __VIRTUAL_CLK__)
Endpoint: OUT[6] (output port clocked by __VIRTUAL_CLK__)
Path Group: __VIRTUAL_CLK__
Path Type: max
Corner: Typical

Fanout     Cap    Slew   Delay    Time   Description
-----------------------------------------------------------------------------
                  0.00    0.00    0.00   clock __VIRTUAL_CLK__ (rise edge)
                          0.00    0.00   clock network delay (ideal)
                          2.00    2.00 ^ input external delay
     1    0.00    0.02    0.01    2.01 ^ B[2] (in)
                                         B[2] (net)
                  0.02    0.00    2.01 ^ input11/A (sky130_fd_sc_hd__buf_2)
     5    0.06    0.29    0.28    2.29 ^ input11/X (sky130_fd_sc_hd__buf_2)
                                         net11 (net)
                  0.29    0.01    2.30 ^ _289_/A (sky130_fd_sc_hd__buf_6)
    10    0.10    0.20    0.28    2.58 ^ _289_/X (sky130_fd_sc_hd__buf_6)
                                         _218_ (net)
                  0.20    0.02    2.59 ^ _322_/B (sky130_fd_sc_hd__nand2_2)
     3    0.03    0.14    0.16    2.75 v _322_/Y (sky130_fd_sc_hd__nand2_2)
                                         _002_ (net)
                  0.14    0.00    2.75 v _351_/A1 (sky130_fd_sc_hd__o21bai_2)
     2    0.03    0.39    0.41    3.16 ^ _351_/Y (sky130_fd_sc_hd__o21bai_2)
                                         _030_ (net)
                  0.39    0.00    3.16 ^ _352_/C (sky130_fd_sc_hd__and3_1)
     2    0.02    0.18    0.33    3.49 ^ _352_/X (sky130_fd_sc_hd__and3_1)
                                         _031_ (net)
                  0.18    0.00    3.49 ^ _397_/B1 (sky130_fd_sc_hd__a21o_4)
     3    0.04    0.12    0.19    3.68 ^ _397_/X (sky130_fd_sc_hd__a21o_4)
                                         _075_ (net)
                  0.12    0.00    3.68 ^ rebuffer14/A (sky130_fd_sc_hd__buf_6)
     1    0.01    0.04    0.13    3.81 ^ rebuffer14/X (sky130_fd_sc_hd__buf_6)
                                         net41 (net)
                  0.04    0.00    3.81 ^ _399_/B1 (sky130_fd_sc_hd__a21oi_2)
     2    0.02    0.09    0.06    3.88 v _399_/Y (sky130_fd_sc_hd__a21oi_2)
                                         _077_ (net)
                  0.09    0.00    3.88 v _401_/B (sky130_fd_sc_hd__or3_4)
     4    0.03    0.11    0.46    4.34 v _401_/X (sky130_fd_sc_hd__or3_4)
                                         _079_ (net)
                  0.11    0.00    4.35 v rebuffer2/A (sky130_fd_sc_hd__dlymetal6s2s_1)
     1    0.01    0.08    0.21    4.55 v rebuffer2/X (sky130_fd_sc_hd__dlymetal6s2s_1)
                                         net29 (net)
                  0.08    0.00    4.56 v _436_/A1 (sky130_fd_sc_hd__a211oi_4)
     2    0.06    0.64    0.61    5.17 ^ _436_/Y (sky130_fd_sc_hd__a211oi_4)
                                         _113_ (net)
                  0.64    0.01    5.17 ^ _439_/A (sky130_fd_sc_hd__or2_1)
     1    0.02    0.23    0.34    5.51 ^ _439_/X (sky130_fd_sc_hd__or2_1)
                                         _116_ (net)
                  0.23    0.00    5.52 ^ _440_/A2 (sky130_fd_sc_hd__a21bo_1)
     1    0.01    0.12    0.22    5.73 ^ _440_/X (sky130_fd_sc_hd__a21bo_1)
                                         _117_ (net)
                  0.12    0.00    5.73 ^ _441_/B (sky130_fd_sc_hd__or2_1)
     1    0.03    0.30    0.31    6.04 ^ _441_/X (sky130_fd_sc_hd__or2_1)
                                         _118_ (net)
                  0.30    0.00    6.05 ^ _453_/B1 (sky130_fd_sc_hd__a22oi_1)
     1    0.00    0.11    0.12    6.17 v _453_/Y (sky130_fd_sc_hd__a22oi_1)
                                         net26 (net)
                  0.11    0.00    6.17 v output26/A (sky130_fd_sc_hd__buf_2)
     1    0.03    0.09    0.22    6.39 v output26/X (sky130_fd_sc_hd__buf_2)
                                         OUT[6] (net)
                  0.09    0.00    6.39 v OUT[6] (out)
                                  6.39   data arrival time

                  0.00   10.00   10.00   clock __VIRTUAL_CLK__ (rise edge)
                          0.00   10.00   clock network delay (ideal)
                         -0.25    9.75   clock uncertainty
                          0.00    9.75   clock reconvergence pessimism
                         -2.00    7.75   output external delay
                                  7.75   data required time
-----------------------------------------------------------------------------
                                  7.75   data required time
                                 -6.39   data arrival time
-----------------------------------------------------------------------------
                                  1.36   slack (MET)


Startpoint: B[0] (input port clocked by __VIRTUAL_CLK__)
Endpoint: OUT[4] (output port clocked by __VIRTUAL_CLK__)
Path Group: __VIRTUAL_CLK__
Path Type: max
Corner: Typical

Fanout     Cap    Slew   Delay    Time   Description
-----------------------------------------------------------------------------
                  0.00    0.00    0.00   clock __VIRTUAL_CLK__ (rise edge)
                          0.00    0.00   clock network delay (ideal)
                          2.00    2.00 v input external delay
     1    0.00    0.01    0.01    2.01 v B[0] (in)
                                         B[0] (net)
                  0.01    0.00    2.01 v input9/A (sky130_fd_sc_hd__buf_4)
     6    0.08    0.11    0.20    2.20 v input9/X (sky130_fd_sc_hd__buf_4)
                                         net9 (net)
                  0.11    0.02    2.22 v _251_/A (sky130_fd_sc_hd__buf_12)
     5    0.07    0.05    0.19    2.41 v _251_/X (sky130_fd_sc_hd__buf_12)
                                         _182_ (net)
                  0.05    0.01    2.41 v _252_/A (sky130_fd_sc_hd__buf_4)
    10    0.09    0.12    0.23    2.65 v _252_/X (sky130_fd_sc_hd__buf_4)
                                         _183_ (net)
                  0.12    0.01    2.65 v _298_/A1 (sky130_fd_sc_hd__o21a_2)
     3    0.06    0.15    0.37    3.02 v _298_/X (sky130_fd_sc_hd__o21a_2)
                                         _227_ (net)
                  0.15    0.01    3.03 v _361_/A3 (sky130_fd_sc_hd__o31a_2)
     2    0.05    0.15    0.46    3.49 v _361_/X (sky130_fd_sc_hd__o31a_2)
                                         _040_ (net)
                  0.15    0.01    3.50 v _362_/B (sky130_fd_sc_hd__xnor2_2)
     2    0.02    0.13    0.24    3.74 v _362_/Y (sky130_fd_sc_hd__xnor2_2)
                                         _041_ (net)
                  0.13    0.00    3.74 v _363_/B (sky130_fd_sc_hd__and2_1)
     2    0.02    0.11    0.27    4.01 v _363_/X (sky130_fd_sc_hd__and2_1)
                                         _042_ (net)
                  0.11    0.00    4.02 v _365_/A (sky130_fd_sc_hd__nor2_1)
     3    0.03    0.48    0.43    4.45 ^ _365_/Y (sky130_fd_sc_hd__nor2_1)
                                         _044_ (net)
                  0.48    0.00    4.45 ^ _368_/A (sky130_fd_sc_hd__or2_1)
     2    0.04    0.34    0.40    4.85 ^ _368_/X (sky130_fd_sc_hd__or2_1)
                                         _047_ (net)
                  0.34    0.00    4.86 ^ _372_/A3 (sky130_fd_sc_hd__a31o_1)
     1    0.03    0.30    0.40    5.26 ^ _372_/X (sky130_fd_sc_hd__a31o_1)
                                         _051_ (net)
                  0.30    0.00    5.26 ^ _373_/B2 (sky130_fd_sc_hd__o2bb2a_1)
     1    0.02    0.23    0.34    5.60 ^ _373_/X (sky130_fd_sc_hd__o2bb2a_1)
                                         net24 (net)
                  0.23    0.00    5.60 ^ output24/A (sky130_fd_sc_hd__buf_2)
     1    0.03    0.17    0.27    5.87 ^ output24/X (sky130_fd_sc_hd__buf_2)
                                         OUT[4] (net)
                  0.17    0.00    5.87 ^ OUT[4] (out)
                                  5.87   data arrival time

                  0.00   10.00   10.00   clock __VIRTUAL_CLK__ (rise edge)
                          0.00   10.00   clock network delay (ideal)
                         -0.25    9.75   clock uncertainty
                          0.00    9.75   clock reconvergence pessimism
                         -2.00    7.75   output external delay
                                  7.75   data required time
-----------------------------------------------------------------------------
                                  7.75   data required time
                                 -5.87   data arrival time
-----------------------------------------------------------------------------
                                  1.88   slack (MET)


Startpoint: A[2] (input port clocked by __VIRTUAL_CLK__)
Endpoint: OUT[3] (output port clocked by __VIRTUAL_CLK__)
Path Group: __VIRTUAL_CLK__
Path Type: max
Corner: Typical

Fanout     Cap    Slew   Delay    Time   Description
-----------------------------------------------------------------------------
                  0.00    0.00    0.00   clock __VIRTUAL_CLK__ (rise edge)
                          0.00    0.00   clock network delay (ideal)
                          2.00    2.00 ^ input external delay
     1    0.00    0.02    0.01    2.01 ^ A[2] (in)
                                         A[2] (net)
                  0.02    0.00    2.01 ^ input3/A (sky130_fd_sc_hd__buf_4)
     8    0.08    0.23    0.24    2.25 ^ input3/X (sky130_fd_sc_hd__buf_4)
                                         net3 (net)
                  0.23    0.02    2.27 ^ _288_/A (sky130_fd_sc_hd__buf_4)
    10    0.09    0.25    0.32    2.60 ^ _288_/X (sky130_fd_sc_hd__buf_4)
                                         _217_ (net)
                  0.25    0.01    2.60 ^ _292_/B1 (sky130_fd_sc_hd__a22o_1)
     2    0.03    0.30    0.37    2.98 ^ _292_/X (sky130_fd_sc_hd__a22o_1)
                                         _221_ (net)
                  0.30    0.00    2.98 ^ _328_/A3 (sky130_fd_sc_hd__a31o_1)
     2    0.02    0.21    0.32    3.30 ^ _328_/X (sky130_fd_sc_hd__a31o_1)
                                         _008_ (net)
                  0.21    0.00    3.30 ^ _329_/C (sky130_fd_sc_hd__and3_1)
     2    0.02    0.22    0.33    3.63 ^ _329_/X (sky130_fd_sc_hd__and3_1)
                                         _009_ (net)
                  0.22    0.00    3.63 ^ _331_/A_N (sky130_fd_sc_hd__and2b_1)
     1    0.02    0.12    0.30    3.93 v _331_/X (sky130_fd_sc_hd__and2b_1)
                                         _011_ (net)
                  0.12    0.00    3.93 v _332_/B (sky130_fd_sc_hd__xnor2_2)
     2    0.02    0.33    0.32    4.25 ^ _332_/Y (sky130_fd_sc_hd__xnor2_2)
                                         _012_ (net)
                  0.33    0.00    4.26 ^ _333_/B (sky130_fd_sc_hd__nand2_2)
     3    0.05    0.22    0.27    4.52 v _333_/Y (sky130_fd_sc_hd__nand2_2)
                                         _013_ (net)
                  0.22    0.00    4.53 v _338_/A2 (sky130_fd_sc_hd__a31o_1)
     1    0.03    0.13    0.38    4.91 v _338_/X (sky130_fd_sc_hd__a31o_1)
                                         _018_ (net)
                  0.13    0.00    4.91 v _339_/B2 (sky130_fd_sc_hd__o2bb2a_1)
     1    0.02    0.11    0.40    5.31 v _339_/X (sky130_fd_sc_hd__o2bb2a_1)
                                         net23 (net)
                  0.11    0.00    5.31 v output23/A (sky130_fd_sc_hd__buf_2)
     1    0.03    0.09    0.22    5.53 v output23/X (sky130_fd_sc_hd__buf_2)
                                         OUT[3] (net)
                  0.09    0.00    5.53 v OUT[3] (out)
                                  5.53   data arrival time

                  0.00   10.00   10.00   clock __VIRTUAL_CLK__ (rise edge)
                          0.00   10.00   clock network delay (ideal)
                         -0.25    9.75   clock uncertainty
                          0.00    9.75   clock reconvergence pessimism
                         -2.00    7.75   output external delay
                                  7.75   data required time
-----------------------------------------------------------------------------
                                  7.75   data required time
                                 -5.53   data arrival time
-----------------------------------------------------------------------------
                                  2.22   slack (MET)


Startpoint: B[0] (input port clocked by __VIRTUAL_CLK__)
Endpoint: OUT[2] (output port clocked by __VIRTUAL_CLK__)
Path Group: __VIRTUAL_CLK__
Path Type: max
Corner: Typical

Fanout     Cap    Slew   Delay    Time   Description
-----------------------------------------------------------------------------
                  0.00    0.00    0.00   clock __VIRTUAL_CLK__ (rise edge)
                          0.00    0.00   clock network delay (ideal)
                          2.00    2.00 v input external delay
     1    0.00    0.01    0.01    2.01 v B[0] (in)
                                         B[0] (net)
                  0.01    0.00    2.01 v input9/A (sky130_fd_sc_hd__buf_4)
     6    0.08    0.11    0.20    2.20 v input9/X (sky130_fd_sc_hd__buf_4)
                                         net9 (net)
                  0.11    0.02    2.22 v _251_/A (sky130_fd_sc_hd__buf_12)
     5    0.07    0.05    0.19    2.41 v _251_/X (sky130_fd_sc_hd__buf_12)
                                         _182_ (net)
                  0.05    0.01    2.41 v _252_/A (sky130_fd_sc_hd__buf_4)
    10    0.09    0.12    0.23    2.65 v _252_/X (sky130_fd_sc_hd__buf_4)
                                         _183_ (net)
                  0.13    0.02    2.66 v _276_/A1 (sky130_fd_sc_hd__a21oi_2)
     2    0.05    0.55    0.52    3.18 ^ _276_/Y (sky130_fd_sc_hd__a21oi_2)
                                         _206_ (net)
                  0.55    0.00    3.18 ^ _278_/A1 (sky130_fd_sc_hd__o21a_1)
     2    0.02    0.20    0.34    3.52 ^ _278_/X (sky130_fd_sc_hd__o21a_1)
                                         _208_ (net)
                  0.20    0.00    3.53 ^ _301_/B1 (sky130_fd_sc_hd__a21o_1)
     2    0.00    0.06    0.13    3.65 ^ _301_/X (sky130_fd_sc_hd__a21o_1)
                                         _230_ (net)
                  0.06    0.00    3.65 ^ rebuffer23/A (sky130_fd_sc_hd__dlygate4sd1_1)
     2    0.02    0.18    0.31    3.96 ^ rebuffer23/X (sky130_fd_sc_hd__dlygate4sd1_1)
                                         net50 (net)
                  0.18    0.00    3.96 ^ rebuffer24/A (sky130_fd_sc_hd__dlygate4sd1_1)
     1    0.00    0.05    0.24    4.21 ^ rebuffer24/X (sky130_fd_sc_hd__dlygate4sd1_1)
                                         net51 (net)
                  0.05    0.00    4.21 ^ _302_/B (sky130_fd_sc_hd__nand2_1)
     1    0.01    0.11    0.08    4.28 v _302_/Y (sky130_fd_sc_hd__nand2_1)
                                         _231_ (net)
                  0.11    0.00    4.28 v _308_/A1 (sky130_fd_sc_hd__a211o_1)
     1    0.01    0.08    0.33    4.61 v _308_/X (sky130_fd_sc_hd__a211o_1)
                                         _237_ (net)
                  0.08    0.00    4.61 v _309_/B2 (sky130_fd_sc_hd__o2bb2a_1)
     1    0.03    0.15    0.42    5.03 v _309_/X (sky130_fd_sc_hd__o2bb2a_1)
                                         net22 (net)
                  0.15    0.00    5.04 v output22/A (sky130_fd_sc_hd__buf_2)
     1    0.03    0.09    0.24    5.27 v output22/X (sky130_fd_sc_hd__buf_2)
                                         OUT[2] (net)
                  0.09    0.00    5.28 v OUT[2] (out)
                                  5.28   data arrival time

                  0.00   10.00   10.00   clock __VIRTUAL_CLK__ (rise edge)
                          0.00   10.00   clock network delay (ideal)
                         -0.25    9.75   clock uncertainty
                          0.00    9.75   clock reconvergence pessimism
                         -2.00    7.75   output external delay
                                  7.75   data required time
-----------------------------------------------------------------------------
                                  7.75   data required time
                                 -5.28   data arrival time
-----------------------------------------------------------------------------
                                  2.47   slack (MET)


Startpoint: B[0] (input port clocked by __VIRTUAL_CLK__)
Endpoint: OUT[1] (output port clocked by __VIRTUAL_CLK__)
Path Group: __VIRTUAL_CLK__
Path Type: max
Corner: Typical

Fanout     Cap    Slew   Delay    Time   Description
-----------------------------------------------------------------------------
                  0.00    0.00    0.00   clock __VIRTUAL_CLK__ (rise edge)
                          0.00    0.00   clock network delay (ideal)
                          2.00    2.00 v input external delay
     1    0.00    0.01    0.01    2.01 v B[0] (in)
                                         B[0] (net)
                  0.01    0.00    2.01 v input9/A (sky130_fd_sc_hd__buf_4)
     6    0.08    0.11    0.20    2.20 v input9/X (sky130_fd_sc_hd__buf_4)
                                         net9 (net)
                  0.11    0.02    2.22 v _251_/A (sky130_fd_sc_hd__buf_12)
     5    0.07    0.05    0.19    2.41 v _251_/X (sky130_fd_sc_hd__buf_12)
                                         _182_ (net)
                  0.05    0.01    2.41 v _252_/A (sky130_fd_sc_hd__buf_4)
    10    0.09    0.12    0.23    2.65 v _252_/X (sky130_fd_sc_hd__buf_4)
                                         _183_ (net)
                  0.13    0.02    2.66 v _276_/A1 (sky130_fd_sc_hd__a21oi_2)
     2    0.05    0.55    0.52    3.18 ^ _276_/Y (sky130_fd_sc_hd__a21oi_2)
                                         _206_ (net)
                  0.55    0.00    3.18 ^ _279_/B (sky130_fd_sc_hd__or3_4)
     2    0.03    0.10    0.29    3.48 ^ _279_/X (sky130_fd_sc_hd__or3_4)
                                         _209_ (net)
                  0.10    0.00    3.48 ^ _280_/B_N (sky130_fd_sc_hd__or2b_1)
     1    0.01    0.07    0.28    3.76 v _280_/X (sky130_fd_sc_hd__or2b_1)
                                         _210_ (net)
                  0.07    0.00    3.76 v _281_/B (sky130_fd_sc_hd__xnor2_1)
     1    0.02    0.14    0.21    3.97 v _281_/Y (sky130_fd_sc_hd__xnor2_1)
                                         _211_ (net)
                  0.14    0.00    3.97 v _286_/A2 (sky130_fd_sc_hd__a211o_1)
     1    0.01    0.08    0.38    4.35 v _286_/X (sky130_fd_sc_hd__a211o_1)
                                         _216_ (net)
                  0.08    0.00    4.36 v _287_/B2 (sky130_fd_sc_hd__o2bb2a_1)
     1    0.02    0.13    0.39    4.75 v _287_/X (sky130_fd_sc_hd__o2bb2a_1)
                                         net21 (net)
                  0.13    0.00    4.75 v output21/A (sky130_fd_sc_hd__buf_2)
     1    0.03    0.09    0.23    4.98 v output21/X (sky130_fd_sc_hd__buf_2)
                                         OUT[1] (net)
                  0.09    0.00    4.98 v OUT[1] (out)
                                  4.98   data arrival time

                  0.00   10.00   10.00   clock __VIRTUAL_CLK__ (rise edge)
                          0.00   10.00   clock network delay (ideal)
                         -0.25    9.75   clock uncertainty
                          0.00    9.75   clock reconvergence pessimism
                         -2.00    7.75   output external delay
                                  7.75   data required time
-----------------------------------------------------------------------------
                                  7.75   data required time
                                 -4.98   data arrival time
-----------------------------------------------------------------------------
                                  2.77   slack (MET)


Startpoint: opcode[1] (input port clocked by __VIRTUAL_CLK__)
Endpoint: OUT[0] (output port clocked by __VIRTUAL_CLK__)
Path Group: __VIRTUAL_CLK__
Path Type: max
Corner: Typical

Fanout     Cap    Slew   Delay    Time   Description
-----------------------------------------------------------------------------
                  0.00    0.00    0.00   clock __VIRTUAL_CLK__ (rise edge)
                          0.00    0.00   clock network delay (ideal)
                          2.00    2.00 v input external delay
     1    0.00    0.01    0.01    2.01 v opcode[1] (in)
                                         opcode[1] (net)
                  0.01    0.00    2.01 v input18/A (sky130_fd_sc_hd__clkbuf_4)
     5    0.07    0.15    0.23    2.23 v input18/X (sky130_fd_sc_hd__clkbuf_4)
                                         net18 (net)
                  0.15    0.01    2.24 v _249_/B (sky130_fd_sc_hd__or2_4)
     5    0.06    0.11    0.37    2.61 v _249_/X (sky130_fd_sc_hd__or2_4)
                                         _180_ (net)
                  0.11    0.00    2.61 v _258_/B (sky130_fd_sc_hd__nor2_4)
     8    0.07    0.41    0.37    2.98 ^ _258_/Y (sky130_fd_sc_hd__nor2_4)
                                         _189_ (net)
                  0.41    0.00    2.99 ^ _260_/A1 (sky130_fd_sc_hd__o211a_1)
     1    0.02    0.20    0.36    3.35 ^ _260_/X (sky130_fd_sc_hd__o211a_1)
                                         _191_ (net)
                  0.20    0.00    3.35 ^ _261_/B1 (sky130_fd_sc_hd__a31o_1)
     1    0.02    0.17    0.23    3.58 ^ _261_/X (sky130_fd_sc_hd__a31o_1)
                                         _192_ (net)
                  0.17    0.00    3.58 ^ _262_/B2 (sky130_fd_sc_hd__a2bb2o_1)
     2    0.03    0.26    0.33    3.91 ^ _262_/X (sky130_fd_sc_hd__a2bb2o_1)
                                         net20 (net)
                  0.26    0.00    3.92 ^ output20/A (sky130_fd_sc_hd__buf_2)
     1    0.03    0.17    0.28    4.19 ^ output20/X (sky130_fd_sc_hd__buf_2)
                                         OUT[0] (net)
                  0.17    0.00    4.19 ^ OUT[0] (out)
                                  4.19   data arrival time

                  0.00   10.00   10.00   clock __VIRTUAL_CLK__ (rise edge)
                          0.00   10.00   clock network delay (ideal)
                         -0.25    9.75   clock uncertainty
                          0.00    9.75   clock reconvergence pessimism
                         -2.00    7.75   output external delay
                                  7.75   data required time
-----------------------------------------------------------------------------
                                  7.75   data required time
                                 -4.19   data arrival time
-----------------------------------------------------------------------------
                                  3.56   slack (MET)



worst slack corner Typical: 1.1557
