
===========================================================================
report_checks -unconstrained
===========================================================================
======================= Typical Corner ===================================

Startpoint: _4599_ (rising edge-triggered flip-flop clocked by core_clock)
Endpoint: _4371_ (rising edge-triggered flip-flop clocked by core_clock)
Path Group: core_clock
Path Type: max

Fanout     Cap    Slew   Delay    Time   Description
-----------------------------------------------------------------------------
                          0.00    0.00   clock core_clock (rise edge)
                          0.00    0.00   clock source latency
     1    0.14    0.00    0.00    0.00 ^ clk (in)
                                         clk (net)
                  0.00    0.00    0.00 ^ clkbuf_0_clk/A (sky130_fd_sc_hd__clkbuf_16)
     8    0.13    0.14    0.19    0.19 ^ clkbuf_0_clk/X (sky130_fd_sc_hd__clkbuf_16)
                                         clknet_0_clk (net)
                  0.14    0.00    0.19 ^ clkbuf_3_2__f_clk/A (sky130_fd_sc_hd__clkbuf_16)
     9    0.07    0.09    0.20    0.39 ^ clkbuf_3_2__f_clk/X (sky130_fd_sc_hd__clkbuf_16)
                                         clknet_3_2__leaf_clk (net)
                  0.09    0.00    0.39 ^ clkbuf_leaf_12_clk/A (sky130_fd_sc_hd__clkbuf_8)
     7    0.02    0.05    0.15    0.54 ^ clkbuf_leaf_12_clk/X (sky130_fd_sc_hd__clkbuf_8)
                                         clknet_leaf_12_clk (net)
                  0.05    0.00    0.54 ^ _4599_/CLK (sky130_fd_sc_hd__dfrtp_4)
     9    0.04    0.10    0.53    1.07 v _4599_/Q (sky130_fd_sc_hd__dfrtp_4)
                                         IM.address[3] (net)
                  0.10    0.00    1.07 v _2155_/A (sky130_fd_sc_hd__or4b_2)
     3    0.01    0.14    0.75    1.83 v _2155_/X (sky130_fd_sc_hd__or4b_2)
                                         _0411_ (net)
                  0.14    0.00    1.83 v _2203_/A2_N (sky130_fd_sc_hd__o2bb2a_2)
     5    0.02    0.10    0.33    2.16 ^ _2203_/X (sky130_fd_sc_hd__o2bb2a_2)
                                         _0459_ (net)
                  0.10    0.00    2.16 ^ _2206_/A (sky130_fd_sc_hd__and3_1)
     2    0.01    0.09    0.19    2.35 ^ _2206_/X (sky130_fd_sc_hd__and3_1)
                                         _0462_ (net)
                  0.09    0.00    2.35 ^ _2207_/A (sky130_fd_sc_hd__buf_4)
    10    0.05    0.14    0.20    2.55 ^ _2207_/X (sky130_fd_sc_hd__buf_4)
                                         _0463_ (net)
                  0.14    0.00    2.55 ^ _2208_/A (sky130_fd_sc_hd__clkbuf_8)
    10    0.07    0.12    0.22    2.77 ^ _2208_/X (sky130_fd_sc_hd__clkbuf_8)
                                         _0464_ (net)
                  0.12    0.00    2.77 ^ _2239_/A (sky130_fd_sc_hd__clkbuf_8)
    10    0.07    0.13    0.22    2.99 ^ _2239_/X (sky130_fd_sc_hd__clkbuf_8)
                                         _0495_ (net)
                  0.13    0.01    3.00 ^ _2637_/S (sky130_fd_sc_hd__mux2_1)
     1    0.01    0.09    0.39    3.39 v _2637_/X (sky130_fd_sc_hd__mux2_1)
                                         _0893_ (net)
                  0.09    0.00    3.39 v _2646_/A2_N (sky130_fd_sc_hd__a2bb2o_2)
     6    0.02    0.12    0.30    3.70 ^ _2646_/X (sky130_fd_sc_hd__a2bb2o_2)
                                         _0902_ (net)
                  0.12    0.00    3.70 ^ _2949_/A (sky130_fd_sc_hd__and4_1)
     4    0.02    0.16    0.28    3.97 ^ _2949_/X (sky130_fd_sc_hd__and4_1)
                                         _1200_ (net)
                  0.16    0.00    3.97 ^ _3210_/C_N (sky130_fd_sc_hd__or4bb_1)
     3    0.01    0.12    0.55    4.52 v _3210_/X (sky130_fd_sc_hd__or4bb_1)
                                         _1446_ (net)
                  0.12    0.00    4.52 v _3255_/A3 (sky130_fd_sc_hd__o31a_1)
     1    0.00    0.06    0.27    4.79 v _3255_/X (sky130_fd_sc_hd__o31a_1)
                                         _1489_ (net)
                  0.06    0.00    4.79 v _3256_/B (sky130_fd_sc_hd__xor2_1)
     2    0.01    0.08    0.16    4.95 v _3256_/X (sky130_fd_sc_hd__xor2_1)
                                         _1490_ (net)
                  0.08    0.00    4.95 v _3257_/B (sky130_fd_sc_hd__and2_1)
     2    0.01    0.05    0.18    5.13 v _3257_/X (sky130_fd_sc_hd__and2_1)
                                         _1491_ (net)
                  0.05    0.00    5.13 v _3259_/A (sky130_fd_sc_hd__nor2_1)
     5    0.02    0.29    0.26    5.39 ^ _3259_/Y (sky130_fd_sc_hd__nor2_1)
                                         _1493_ (net)
                  0.29    0.00    5.39 ^ _3276_/A2 (sky130_fd_sc_hd__a21oi_1)
     2    0.01    0.09    0.14    5.53 v _3276_/Y (sky130_fd_sc_hd__a21oi_1)
                                         _1509_ (net)
                  0.09    0.00    5.53 v _3313_/A2 (sky130_fd_sc_hd__o31a_1)
     1    0.00    0.05    0.29    5.82 v _3313_/X (sky130_fd_sc_hd__o31a_1)
                                         _1544_ (net)
                  0.05    0.00    5.82 v _3314_/B1 (sky130_fd_sc_hd__o21a_1)
     2    0.01    0.08    0.14    5.96 v _3314_/X (sky130_fd_sc_hd__o21a_1)
                                         _1545_ (net)
                  0.08    0.00    5.96 v _3384_/A1 (sky130_fd_sc_hd__o31a_1)
     2    0.01    0.06    0.32    6.28 v _3384_/X (sky130_fd_sc_hd__o31a_1)
                                         _1611_ (net)
                  0.06    0.00    6.28 v _3448_/A2 (sky130_fd_sc_hd__a211o_1)
     2    0.01    0.09    0.34    6.62 v _3448_/X (sky130_fd_sc_hd__a211o_1)
                                         _1671_ (net)
                  0.09    0.00    6.62 v _3457_/A1 (sky130_fd_sc_hd__a21oi_4)
     5    0.02    0.19    0.21    6.83 ^ _3457_/Y (sky130_fd_sc_hd__a21oi_4)
                                         _1680_ (net)
                  0.19    0.00    6.83 ^ _3487_/A2 (sky130_fd_sc_hd__o311a_1)
     3    0.02    0.16    0.27    7.10 ^ _3487_/X (sky130_fd_sc_hd__o311a_1)
                                         _1708_ (net)
                  0.16    0.00    7.10 ^ _3500_/A2 (sky130_fd_sc_hd__o21ai_1)
     1    0.00    0.06    0.08    7.18 v _3500_/Y (sky130_fd_sc_hd__o21ai_1)
                                         _1720_ (net)
                  0.06    0.00    7.18 v _3507_/A3 (sky130_fd_sc_hd__a31o_1)
     1    0.00    0.05    0.23    7.41 v _3507_/X (sky130_fd_sc_hd__a31o_1)
                                         _1727_ (net)
                  0.05    0.00    7.41 v _3508_/A (sky130_fd_sc_hd__buf_6)
     7    0.08    0.08    0.16    7.57 v _3508_/X (sky130_fd_sc_hd__buf_6)
                                         net27 (net)
                  0.08    0.01    7.58 v _3642_/A1 (sky130_fd_sc_hd__mux2_1)
     1    0.00    0.06    0.31    7.89 v _3642_/X (sky130_fd_sc_hd__mux2_1)
                                         _1798_ (net)
                  0.06    0.00    7.89 v _3643_/A (sky130_fd_sc_hd__clkbuf_1)
     1    0.00    0.03    0.10    7.98 v _3643_/X (sky130_fd_sc_hd__clkbuf_1)
                                         _0068_ (net)
                  0.03    0.00    7.98 v _4371_/D (sky130_fd_sc_hd__dfxtp_1)
                                  7.98   data arrival time

                         10.00   10.00   clock core_clock (rise edge)
                          0.00   10.00   clock source latency
     1    0.14    0.00    0.00   10.00 ^ clk (in)
                                         clk (net)
                  0.00    0.00   10.00 ^ clkbuf_0_clk/A (sky130_fd_sc_hd__clkbuf_16)
     8    0.13    0.14    0.19   10.19 ^ clkbuf_0_clk/X (sky130_fd_sc_hd__clkbuf_16)
                                         clknet_0_clk (net)
                  0.14    0.00   10.19 ^ clkbuf_3_5__f_clk/A (sky130_fd_sc_hd__clkbuf_16)
    11    0.07    0.09    0.20   10.40 ^ clkbuf_3_5__f_clk/X (sky130_fd_sc_hd__clkbuf_16)
                                         clknet_3_5__leaf_clk (net)
                  0.09    0.00   10.40 ^ clkbuf_leaf_40_clk/A (sky130_fd_sc_hd__clkbuf_8)
     6    0.02    0.05    0.15   10.54 ^ clkbuf_leaf_40_clk/X (sky130_fd_sc_hd__clkbuf_8)
                                         clknet_leaf_40_clk (net)
                  0.05    0.00   10.54 ^ _4371_/CLK (sky130_fd_sc_hd__dfxtp_1)
                          0.00   10.54   clock reconvergence pessimism
                         -0.10   10.44   library setup time
                                 10.44   data required time
-----------------------------------------------------------------------------
                                 10.44   data required time
                                 -7.98   data arrival time
-----------------------------------------------------------------------------
                                  2.45   slack (MET)




===========================================================================
report_checks --slack_max -0.01
============================================================================
======================= Typical Corner ===================================

No paths found.


===========================================================================
 report_check_types -max_slew -max_cap -max_fanout -violators
============================================================================
======================= Typical Corner ===================================


max slew violations count Typical: 0
max fanout violations count Typical: 0
max cap violations count Typical: 0

===========================================================================
report_parasitic_annotation -report_unannotated
============================================================================
Found 72 unannotated drivers.
 clkload0/Y
 clkload1/Y
 clkload10/Y
 clkload11/Y
 clkload12/Y
 clkload13/Y
 clkload14/Y
 clkload15/Y
 clkload16/Y
 clkload17/Y
 clkload18/Y
 clkload19/Y
 clkload2/Y
 clkload20/Y
 clkload21/Y
 clkload22/Y
 clkload23/Y
 clkload24/X
 clkload25/X
 clkload26/Y
 clkload27/Y
 clkload28/X
 clkload29/Y
 clkload3/X
 clkload30/Y
 clkload31/Y
 clkload32/Y
 clkload33/Y
 clkload34/X
 clkload35/Y
 clkload36/Y
 clkload37/Y
 clkload38/Y
 clkload39/Y
 clkload4/Y
 clkload40/Y
 clkload41/Y
 clkload42/Y
 clkload43/X
 clkload44/Y
 clkload45/Y
 clkload46/Y
 clkload47/Y
 clkload48/Y
 clkload49/Y
 clkload5/Y
 clkload50/Y
 clkload51/Y
 clkload52/Y
 clkload53/Y
 clkload54/Y
 clkload55/Y
 clkload56/Y
 clkload57/Y
 clkload58/Y
 clkload59/Y
 clkload6/Y
 clkload60/Y
 clkload61/Y
 clkload62/Y
 clkload63/Y
 clkload64/Y
 clkload65/Y
 clkload66/Y
 clkload67/Y
 clkload68/Y
 clkload69/X
 clkload7/Y
 clkload70/Y
 clkload71/X
 clkload8/Y
 clkload9/Y
Found 0 partially unannotated drivers.

===========================================================================
max slew violation count 0
max fanout violation count 0
max cap violation count 0
============================================================================

===========================================================================
check_setup -verbose -unconstrained_endpoints -multiple_clock -no_clock -no_input_delay -loops -generated_clocks
===========================================================================
Warning: There are 2 input ports missing set_input_delay.
  control
  reset
Warning: There are 32 unconstrained endpoints.
  ALUresult[0]
  ALUresult[10]
  ALUresult[11]
  ALUresult[12]
  ALUresult[13]
  ALUresult[14]
  ALUresult[15]
  ALUresult[16]
  ALUresult[17]
  ALUresult[18]
  ALUresult[19]
  ALUresult[1]
  ALUresult[20]
  ALUresult[21]
  ALUresult[22]
  ALUresult[23]
  ALUresult[24]
  ALUresult[25]
  ALUresult[26]
  ALUresult[27]
  ALUresult[28]
  ALUresult[29]
  ALUresult[2]
  ALUresult[30]
  ALUresult[31]
  ALUresult[3]
  ALUresult[4]
  ALUresult[5]
  ALUresult[6]
  ALUresult[7]
  ALUresult[8]
  ALUresult[9]
