
===========================================================================
report_checks -unconstrained
===========================================================================
======================= Fastest Corner ===================================

Startpoint: rst (input port clocked by clk)
Endpoint: _346_ (recovery check against rising-edge clock clk)
Path Group: asynchronous
Path Type: max
Corner: Fastest

Fanout     Cap    Slew   Delay    Time   Description
-----------------------------------------------------------------------------
                          0.00    0.00   clock clk (rise edge)
                          0.00    0.00   clock network delay (propagated)
                          2.00    2.00 v input external delay
     1    0.00    0.01    0.00    2.00 v rst (in)
                                         rst (net)
                  0.01    0.00    2.00 v input1/A (sky130_fd_sc_hd__clkbuf_2)
     5    0.04    0.11    0.14    2.14 v input1/X (sky130_fd_sc_hd__clkbuf_2)
                                         net1 (net)
                  0.11    0.00    2.14 v _306_/A (sky130_fd_sc_hd__buf_4)
    10    0.08    0.08    0.18    2.33 v _306_/X (sky130_fd_sc_hd__buf_4)
                                         _160_ (net)
                  0.08    0.01    2.34 v _313_/A (sky130_fd_sc_hd__inv_2)
     1    0.02    0.08    0.10    2.44 ^ _313_/Y (sky130_fd_sc_hd__inv_2)
                                         _044_ (net)
                  0.08    0.00    2.44 ^ _346_/RESET_B (sky130_fd_sc_hd__dfrtp_4)
                                  2.44   data arrival time

                         10.00   10.00   clock clk (rise edge)
                          0.00   10.00   clock source latency
     1    0.02    0.07    0.05   10.05 ^ clk (in)
                                         clk (net)
                  0.07    0.00   10.05 ^ clkbuf_0_clk/A (sky130_fd_sc_hd__clkbuf_16)
     4    0.05    0.05    0.11   10.15 ^ clkbuf_0_clk/X (sky130_fd_sc_hd__clkbuf_16)
                                         clknet_0_clk (net)
                  0.05    0.00   10.16 ^ clkbuf_2_3__f_clk/A (sky130_fd_sc_hd__clkbuf_16)
    11    0.04    0.04    0.09   10.25 ^ clkbuf_2_3__f_clk/X (sky130_fd_sc_hd__clkbuf_16)
                                         clknet_2_3__leaf_clk (net)
                  0.04    0.00   10.25 ^ _346_/CLK (sky130_fd_sc_hd__dfrtp_4)
                         -0.25   10.00   clock uncertainty
                          0.00   10.00   clock reconvergence pessimism
                          0.12   10.12   library recovery time
                                 10.12   data required time
-----------------------------------------------------------------------------
                                 10.12   data required time
                                 -2.44   data arrival time
-----------------------------------------------------------------------------
                                  7.68   slack (MET)


Startpoint: _361_ (rising edge-triggered flip-flop clocked by clk)
Endpoint: seg[0] (output port clocked by clk)
Path Group: clk
Path Type: max
Corner: Fastest

Fanout     Cap    Slew   Delay    Time   Description
-----------------------------------------------------------------------------
                          0.00    0.00   clock clk (rise edge)
                          0.00    0.00   clock source latency
     1    0.02    0.07    0.05    0.05 ^ clk (in)
                                         clk (net)
                  0.07    0.00    0.05 ^ clkbuf_0_clk/A (sky130_fd_sc_hd__clkbuf_16)
     4    0.05    0.05    0.12    0.17 ^ clkbuf_0_clk/X (sky130_fd_sc_hd__clkbuf_16)
                                         clknet_0_clk (net)
                  0.05    0.00    0.17 ^ clkbuf_2_3__f_clk/A (sky130_fd_sc_hd__clkbuf_16)
    11    0.04    0.04    0.10    0.28 ^ clkbuf_2_3__f_clk/X (sky130_fd_sc_hd__clkbuf_16)
                                         clknet_2_3__leaf_clk (net)
                  0.04    0.00    0.28 ^ _361_/CLK (sky130_fd_sc_hd__dfrtp_4)
     6    0.05    0.08    0.36    0.64 v _361_/Q (sky130_fd_sc_hd__dfrtp_4)
                                         decoder.digit[3] (net)
                  0.08    0.00    0.65 v _165_/A (sky130_fd_sc_hd__nor2_1)
     2    0.03    0.33    0.30    0.94 ^ _165_/Y (sky130_fd_sc_hd__nor2_1)
                                         _066_ (net)
                  0.33    0.00    0.94 ^ _166_/B (sky130_fd_sc_hd__nand2_1)
     3    0.03    0.16    0.16    1.11 v _166_/Y (sky130_fd_sc_hd__nand2_1)
                                         _067_ (net)
                  0.16    0.00    1.11 v _167_/B (sky130_fd_sc_hd__nor2_1)
     3    0.02    0.28    0.27    1.38 ^ _167_/Y (sky130_fd_sc_hd__nor2_1)
                                         _068_ (net)
                  0.28    0.00    1.39 ^ _287_/B1 (sky130_fd_sc_hd__a2111o_1)
     2    0.02    0.13    0.16    1.55 ^ _287_/X (sky130_fd_sc_hd__a2111o_1)
                                         net5 (net)
                  0.13    0.00    1.55 ^ _370_/A (sky130_fd_sc_hd__clkbuf_1)
     1    0.01    0.06    0.08    1.63 ^ _370_/X (sky130_fd_sc_hd__clkbuf_1)
                                         net2 (net)
                  0.06    0.00    1.63 ^ output2/A (sky130_fd_sc_hd__buf_1)
     1    0.03    0.30    0.25    1.88 ^ output2/X (sky130_fd_sc_hd__buf_1)
                                         seg[0] (net)
                  0.30    0.00    1.89 ^ seg[0] (out)
                                  1.89   data arrival time

                         10.00   10.00   clock clk (rise edge)
                          0.00   10.00   clock network delay (propagated)
                         -0.25    9.75   clock uncertainty
                          0.00    9.75   clock reconvergence pessimism
                         -2.00    7.75   output external delay
                                  7.75   data required time
-----------------------------------------------------------------------------
                                  7.75   data required time
                                 -1.89   data arrival time
-----------------------------------------------------------------------------
                                  5.86   slack (MET)



======================= Slowest Corner ===================================

Startpoint: rst (input port clocked by clk)
Endpoint: _345_ (recovery check against rising-edge clock clk)
Path Group: asynchronous
Path Type: max
Corner: Slowest

Fanout     Cap    Slew   Delay    Time   Description
-----------------------------------------------------------------------------
                          0.00    0.00   clock clk (rise edge)
                          0.00    0.00   clock network delay (propagated)
                          2.00    2.00 v input external delay
     1    0.00    0.02    0.01    2.01 v rst (in)
                                         rst (net)
                  0.02    0.00    2.01 v input1/A (sky130_fd_sc_hd__clkbuf_2)
     5    0.04    0.30    0.37    2.38 v input1/X (sky130_fd_sc_hd__clkbuf_2)
                                         net1 (net)
                  0.30    0.00    2.39 v _306_/A (sky130_fd_sc_hd__buf_4)
    10    0.08    0.20    0.52    2.90 v _306_/X (sky130_fd_sc_hd__buf_4)
                                         _160_ (net)
                  0.20    0.01    2.91 v _312_/A (sky130_fd_sc_hd__inv_2)
     1    0.03    0.22    0.27    3.18 ^ _312_/Y (sky130_fd_sc_hd__inv_2)
                                         _043_ (net)
                  0.22    0.00    3.18 ^ _345_/RESET_B (sky130_fd_sc_hd__dfrtp_1)
                                  3.18   data arrival time

                         10.00   10.00   clock clk (rise edge)
                          0.00   10.00   clock source latency
     1    0.02    0.16    0.10   10.10 ^ clk (in)
                                         clk (net)
                  0.16    0.00   10.10 ^ clkbuf_0_clk/A (sky130_fd_sc_hd__clkbuf_16)
     4    0.05    0.10    0.28   10.38 ^ clkbuf_0_clk/X (sky130_fd_sc_hd__clkbuf_16)
                                         clknet_0_clk (net)
                  0.10    0.00   10.39 ^ clkbuf_2_1__f_clk/A (sky130_fd_sc_hd__clkbuf_16)
     7    0.04    0.09    0.25   10.63 ^ clkbuf_2_1__f_clk/X (sky130_fd_sc_hd__clkbuf_16)
                                         clknet_2_1__leaf_clk (net)
                  0.09    0.00   10.63 ^ _345_/CLK (sky130_fd_sc_hd__dfrtp_1)
                         -0.25   10.38   clock uncertainty
                          0.00   10.38   clock reconvergence pessimism
                          0.42   10.80   library recovery time
                                 10.80   data required time
-----------------------------------------------------------------------------
                                 10.80   data required time
                                 -3.18   data arrival time
-----------------------------------------------------------------------------
                                  7.62   slack (MET)


Startpoint: _361_ (rising edge-triggered flip-flop clocked by clk)
Endpoint: seg[0] (output port clocked by clk)
Path Group: clk
Path Type: max
Corner: Slowest

Fanout     Cap    Slew   Delay    Time   Description
-----------------------------------------------------------------------------
                          0.00    0.00   clock clk (rise edge)
                          0.00    0.00   clock source latency
     1    0.02    0.16    0.11    0.11 ^ clk (in)
                                         clk (net)
                  0.16    0.00    0.11 ^ clkbuf_0_clk/A (sky130_fd_sc_hd__clkbuf_16)
     4    0.05    0.10    0.31    0.42 ^ clkbuf_0_clk/X (sky130_fd_sc_hd__clkbuf_16)
                                         clknet_0_clk (net)
                  0.10    0.00    0.43 ^ clkbuf_2_3__f_clk/A (sky130_fd_sc_hd__clkbuf_16)
    11    0.03    0.09    0.27    0.69 ^ clkbuf_2_3__f_clk/X (sky130_fd_sc_hd__clkbuf_16)
                                         clknet_2_3__leaf_clk (net)
                  0.09    0.00    0.70 ^ _361_/CLK (sky130_fd_sc_hd__dfrtp_4)
     6    0.05    0.21    1.19    1.88 v _361_/Q (sky130_fd_sc_hd__dfrtp_4)
                                         decoder.digit[3] (net)
                  0.21    0.00    1.89 v _165_/A (sky130_fd_sc_hd__nor2_1)
     2    0.03    0.77    0.73    2.62 ^ _165_/Y (sky130_fd_sc_hd__nor2_1)
                                         _066_ (net)
                  0.77    0.00    2.62 ^ _166_/B (sky130_fd_sc_hd__nand2_1)
     3    0.03    0.45    0.66    3.28 v _166_/Y (sky130_fd_sc_hd__nand2_1)
                                         _067_ (net)
                  0.45    0.00    3.29 v _167_/B (sky130_fd_sc_hd__nor2_1)
     3    0.02    0.65    0.71    4.00 ^ _167_/Y (sky130_fd_sc_hd__nor2_1)
                                         _068_ (net)
                  0.65    0.00    4.00 ^ _287_/B1 (sky130_fd_sc_hd__a2111o_1)
     2    0.02    0.28    0.57    4.57 ^ _287_/X (sky130_fd_sc_hd__a2111o_1)
                                         net5 (net)
                  0.28    0.00    4.58 ^ _370_/A (sky130_fd_sc_hd__clkbuf_1)
     1    0.01    0.12    0.28    4.86 ^ _370_/X (sky130_fd_sc_hd__clkbuf_1)
                                         net2 (net)
                  0.12    0.00    4.86 ^ output2/A (sky130_fd_sc_hd__buf_1)
     1    0.03    0.64    0.61    5.47 ^ output2/X (sky130_fd_sc_hd__buf_1)
                                         seg[0] (net)
                  0.64    0.00    5.47 ^ seg[0] (out)
                                  5.47   data arrival time

                         10.00   10.00   clock clk (rise edge)
                          0.00   10.00   clock network delay (propagated)
                         -0.25    9.75   clock uncertainty
                          0.00    9.75   clock reconvergence pessimism
                         -2.00    7.75   output external delay
                                  7.75   data required time
-----------------------------------------------------------------------------
                                  7.75   data required time
                                 -5.47   data arrival time
-----------------------------------------------------------------------------
                                  2.28   slack (MET)



======================= Typical Corner ===================================

Startpoint: rst (input port clocked by clk)
Endpoint: _345_ (recovery check against rising-edge clock clk)
Path Group: asynchronous
Path Type: max
Corner: Typical

Fanout     Cap    Slew   Delay    Time   Description
-----------------------------------------------------------------------------
                          0.00    0.00   clock clk (rise edge)
                          0.00    0.00   clock network delay (propagated)
                          2.00    2.00 v input external delay
     1    0.00    0.01    0.01    2.01 v rst (in)
                                         rst (net)
                  0.01    0.00    2.01 v input1/A (sky130_fd_sc_hd__clkbuf_2)
     5    0.04    0.16    0.20    2.21 v input1/X (sky130_fd_sc_hd__clkbuf_2)
                                         net1 (net)
                  0.16    0.00    2.21 v _306_/A (sky130_fd_sc_hd__buf_4)
    10    0.08    0.11    0.28    2.49 v _306_/X (sky130_fd_sc_hd__buf_4)
                                         _160_ (net)
                  0.11    0.01    2.49 v _312_/A (sky130_fd_sc_hd__inv_2)
     1    0.03    0.14    0.16    2.65 ^ _312_/Y (sky130_fd_sc_hd__inv_2)
                                         _043_ (net)
                  0.14    0.00    2.65 ^ _345_/RESET_B (sky130_fd_sc_hd__dfrtp_1)
                                  2.65   data arrival time

                         10.00   10.00   clock clk (rise edge)
                          0.00   10.00   clock source latency
     1    0.02    0.10    0.07   10.07 ^ clk (in)
                                         clk (net)
                  0.10    0.00   10.07 ^ clkbuf_0_clk/A (sky130_fd_sc_hd__clkbuf_16)
     4    0.05    0.07    0.16   10.22 ^ clkbuf_0_clk/X (sky130_fd_sc_hd__clkbuf_16)
                                         clknet_0_clk (net)
                  0.07    0.00   10.23 ^ clkbuf_2_1__f_clk/A (sky130_fd_sc_hd__clkbuf_16)
     7    0.04    0.06    0.14   10.36 ^ clkbuf_2_1__f_clk/X (sky130_fd_sc_hd__clkbuf_16)
                                         clknet_2_1__leaf_clk (net)
                  0.06    0.00   10.37 ^ _345_/CLK (sky130_fd_sc_hd__dfrtp_1)
                         -0.25   10.12   clock uncertainty
                          0.00   10.12   clock reconvergence pessimism
                          0.21   10.33   library recovery time
                                 10.33   data required time
-----------------------------------------------------------------------------
                                 10.33   data required time
                                 -2.65   data arrival time
-----------------------------------------------------------------------------
                                  7.67   slack (MET)


Startpoint: _361_ (rising edge-triggered flip-flop clocked by clk)
Endpoint: seg[0] (output port clocked by clk)
Path Group: clk
Path Type: max
Corner: Typical

Fanout     Cap    Slew   Delay    Time   Description
-----------------------------------------------------------------------------
                          0.00    0.00   clock clk (rise edge)
                          0.00    0.00   clock source latency
     1    0.02    0.10    0.07    0.07 ^ clk (in)
                                         clk (net)
                  0.10    0.00    0.07 ^ clkbuf_0_clk/A (sky130_fd_sc_hd__clkbuf_16)
     4    0.05    0.07    0.17    0.25 ^ clkbuf_0_clk/X (sky130_fd_sc_hd__clkbuf_16)
                                         clknet_0_clk (net)
                  0.07    0.00    0.25 ^ clkbuf_2_3__f_clk/A (sky130_fd_sc_hd__clkbuf_16)
    11    0.03    0.05    0.15    0.40 ^ clkbuf_2_3__f_clk/X (sky130_fd_sc_hd__clkbuf_16)
                                         clknet_2_3__leaf_clk (net)
                  0.05    0.00    0.40 ^ _361_/CLK (sky130_fd_sc_hd__dfrtp_4)
     6    0.05    0.12    0.57    0.98 v _361_/Q (sky130_fd_sc_hd__dfrtp_4)
                                         decoder.digit[3] (net)
                  0.12    0.00    0.98 v _165_/A (sky130_fd_sc_hd__nor2_1)
     2    0.03    0.46    0.43    1.41 ^ _165_/Y (sky130_fd_sc_hd__nor2_1)
                                         _066_ (net)
                  0.46    0.00    1.41 ^ _166_/B (sky130_fd_sc_hd__nand2_1)
     3    0.03    0.22    0.29    1.70 v _166_/Y (sky130_fd_sc_hd__nand2_1)
                                         _067_ (net)
                  0.22    0.00    1.71 v _167_/B (sky130_fd_sc_hd__nor2_1)
     3    0.02    0.39    0.39    2.10 ^ _167_/Y (sky130_fd_sc_hd__nor2_1)
                                         _068_ (net)
                  0.39    0.00    2.10 ^ _287_/B1 (sky130_fd_sc_hd__a2111o_1)
     2    0.02    0.18    0.28    2.38 ^ _287_/X (sky130_fd_sc_hd__a2111o_1)
                                         net5 (net)
                  0.18    0.00    2.38 ^ _370_/A (sky130_fd_sc_hd__clkbuf_1)
     1    0.01    0.08    0.14    2.52 ^ _370_/X (sky130_fd_sc_hd__clkbuf_1)
                                         net2 (net)
                  0.08    0.00    2.52 ^ output2/A (sky130_fd_sc_hd__buf_1)
     1    0.03    0.40    0.36    2.88 ^ output2/X (sky130_fd_sc_hd__buf_1)
                                         seg[0] (net)
                  0.40    0.00    2.88 ^ seg[0] (out)
                                  2.88   data arrival time

                         10.00   10.00   clock clk (rise edge)
                          0.00   10.00   clock network delay (propagated)
                         -0.25    9.75   clock uncertainty
                          0.00    9.75   clock reconvergence pessimism
                         -2.00    7.75   output external delay
                                  7.75   data required time
-----------------------------------------------------------------------------
                                  7.75   data required time
                                 -2.88   data arrival time
-----------------------------------------------------------------------------
                                  4.87   slack (MET)




===========================================================================
report_checks --slack_max -0.01
============================================================================
======================= Fastest Corner ===================================

No paths found.

======================= Slowest Corner ===================================

No paths found.

======================= Typical Corner ===================================

No paths found.


===========================================================================
 report_check_types -max_slew -max_cap -max_fanout -violators
============================================================================
======================= Fastest Corner ===================================

max fanout

Pin                                   Limit Fanout  Slack
---------------------------------------------------------
clkbuf_2_3__f_clk/X                      10     11        (VIOLATED)


max slew violations count Fastest: 0
max fanout violations count Fastest: 1
max cap violations count Fastest: 0
======================= Slowest Corner ===================================

max slew

Pin                                    Limit    Slew   Slack
------------------------------------------------------------
ANTENNA_1/DIODE                         0.75    1.31   -0.56 (VIOLATED)
_337_/D                                 0.75    1.31   -0.56 (VIOLATED)
_215_/Y                                 0.75    1.31   -0.56 (VIOLATED)
ANTENNA_6/DIODE                         0.75    0.85   -0.10 (VIOLATED)
_330_/D                                 0.75    0.85   -0.10 (VIOLATED)
_190_/Y                                 0.75    0.85   -0.10 (VIOLATED)
output4/A                               0.75    0.79   -0.04 (VIOLATED)
_289_/Y                                 0.75    0.79   -0.04 (VIOLATED)
_345_/D                                 0.75    0.78   -0.03 (VIOLATED)
_246_/Y                                 0.75    0.78   -0.03 (VIOLATED)
_166_/B                                 0.75    0.77   -0.02 (VIOLATED)
_289_/B1                                0.75    0.77   -0.02 (VIOLATED)
_165_/Y                                 0.75    0.77   -0.02 (VIOLATED)

max fanout

Pin                                   Limit Fanout  Slack
---------------------------------------------------------
clkbuf_2_3__f_clk/X                      10     11        (VIOLATED)


max slew violations count Slowest: 13
max fanout violations count Slowest: 1
max cap violations count Slowest: 0
======================= Typical Corner ===================================

max slew

Pin                                    Limit    Slew   Slack
------------------------------------------------------------
_337_/D                                 0.75    0.78   -0.03 (VIOLATED)
ANTENNA_1/DIODE                         0.75    0.78   -0.03 (VIOLATED)
_215_/Y                                 0.75    0.78   -0.03 (VIOLATED)

max fanout

Pin                                   Limit Fanout  Slack
---------------------------------------------------------
clkbuf_2_3__f_clk/X                      10     11        (VIOLATED)


max slew violations count Typical: 3
max fanout violations count Typical: 1
max cap violations count Typical: 0

===========================================================================
report_parasitic_annotation -report_unannotated
============================================================================
Found 11 unannotated drivers.
 ZeroToFiveCounter_10/LO
 ZeroToFiveCounter_11/LO
 ZeroToFiveCounter_12/LO
 ZeroToFiveCounter_13/LO
 ZeroToFiveCounter_14/LO
 ZeroToFiveCounter_15/LO
 ZeroToFiveCounter_16/LO
 ZeroToFiveCounter_9/HI
 clkload0/Y
 clkload1/Y
 clkload2/Y
Found 0 partially unannotated drivers.

===========================================================================
max slew violation count 13
max fanout violation count 1
max cap violation count 0
============================================================================

===========================================================================
check_setup -verbose -unconstrained_endpoints -multiple_clock -no_clock -no_input_delay -loops -generated_clocks
===========================================================================
Warning: There are 8 unconstrained endpoints.
  an[0]
  an[1]
  an[2]
  an[3]
  an[4]
  an[5]
  an[6]
  an[7]
